

_Testing_Packets_
Packet restricted length 16
Packet length 64
Read 64 bytes, asking for 64
00 01 02 03 04 05 06 07 
08 09 0a 0b 0c 0d 0e 0f 
10 11 12 13 14 15 16 17 
18 19 1a 1b 1c 1d 1e 1f 
20 21 22 23 24 25 26 27 
28 29 2a 2b 2c 2d 2e 2f 
30 31 32 33 34 35 36 37 
38 39 3a 3b 3c 3d 3e 3f 

Read 8 bytes from offset 16, asking for 8
10 11 12 13 14 15 16 17 
08 09 0a 0b 0c 0d 0e 0f 
10 11 12 13 14 15 16 17 
18 19 1a 1b 1c 1d 1e 1f 
20 21 22 23 24 25 26 27 
28 29 2a 2b 2c 2d 2e 2f 
30 31 32 33 34 35 36 37 
38 39 3a 3b 3c 3d 3e 3f 

Wrote 4 bytes to offset 40, with req size 4
00 01 02 03 04 05 06 07 
08 09 0a 0b 0c 0d 0e 0f 
10 11 12 13 14 15 16 17 
18 19 1a 1b 1c 1d 1e 1f 
20 21 22 23 24 25 26 27 
de ad be ef 2c 2d 2e 2f 
30 31 32 33 34 35 36 37 
38 39 3a 3b 3c 3d 3e 3f 

Wrote 4 bytes to offset 44, with req size 4
00 01 02 03 04 05 06 07 
08 09 0a 0b 0c 0d 0e 0f 
10 11 12 13 14 15 16 17 
18 19 1a 1b 1c 1d 1e 1f 
20 21 22 23 24 25 26 27 
de ad be ef de ad be ef 
30 31 32 33 34 35 36 37 
38 39 3a 3b 3c 3d 3e 3f 

Wrote 64 bytes, with req size 64
0f 0e 0d 0c 0b 0a 09 08 
07 06 05 04 03 02 01 00 
1f 1e 1d 1c 1b 1a 19 18 
17 16 15 14 13 12 11 10 
2f 2e 2d 2c 2b 2a 29 28 
d1 a2 b1 e0 d1 a2 b1 e0 
3f 3e 3d 3c 3b 3a 39 38 
37 36 35 34 33 32 31 30 

Wrote 48 bytes, with fancy mask, offset 16, req size 48
0f 0e 0d 0c 0b 0a 09 08 
07 06 05 04 03 02 01 00 
1f ff 1d 1c ff ff 19 18 
17 16 ff ff ff ff 11 10 
2f 2e 2d 2c 2b 2a ff ff 
ff ff ff ff ff ff b1 e0 
3f 3e 3d 3c 3b 3a 39 38 
37 36 35 34 33 32 ff ff 

Read 0 bytes, asking for 64 from offset 72
00 00 00 00 00 00 00 00 
00 00 00 00 00 00 00 00 
00 00 00 00 00 00 00 00 
00 00 00 00 00 00 00 00 
00 00 00 00 00 00 00 00 
00 00 00 00 00 00 00 00 
00 00 00 00 00 00 00 00 
00 00 00 00 00 00 00 00 

Read 8 bytes, asking for 64 from offset 56
37 36 35 34 33 32 ff ff 
00 00 00 00 00 00 00 00 
00 00 00 00 00 00 00 00 
00 00 00 00 00 00 00 00 
00 00 00 00 00 00 00 00 
00 00 00 00 00 00 00 00 
00 00 00 00 00 00 00 00 
00 00 00 00 00 00 00 00 

Read 0 bytes, asking for 0
Read 0 bytes, asking for 64 from NULL packet
00 00 00 00 00 00 00 00 
00 00 00 00 00 00 00 00 
00 00 00 00 00 00 00 00 
00 00 00 00 00 00 00 00 
00 00 00 00 00 00 00 00 
00 00 00 00 00 00 00 00 
00 00 00 00 00 00 00 00 
00 00 00 00 00 00 00 00 

Read 0 bytes, asking for 64 to NULL data array
Wrote 0 bytes to offset 72, with req size 4
0f 0e 0d 0c 0b 0a 09 08 
07 06 05 04 03 02 01 00 
1f ff 1d 1c ff ff 19 18 
17 16 ff ff ff ff 11 10 
2f 2e 2d 2c 2b 2a ff ff 
ff ff ff ff ff ff b1 e0 
3f 3e 3d 3c 3b 3a 39 38 
37 36 35 34 33 32 ff ff 

Wrote 0 bytes to offset 72, with req size 4
0f 0e 0d 0c 0b 0a 09 08 
07 06 05 04 03 02 01 00 
1f ff 1d 1c ff ff 19 18 
17 16 ff ff ff ff 11 10 
2f 2e 2d 2c 2b 2a ff ff 
ff ff ff ff ff ff b1 e0 
3f 3e 3d 3c 3b 3a 39 38 
37 36 35 34 33 32 ff ff 

Wrote 2 bytes to offset 62, with req size 4
0f 0e 0d 0c 0b 0a 09 08 
07 06 05 04 03 02 01 00 
1f ff 1d 1c ff ff 19 18 
17 16 ff ff ff ff 11 10 
2f 2e 2d 2c 2b 2a ff ff 
ff ff ff ff ff ff b1 e0 
3f 3e 3d 3c 3b 3a 39 38 
37 36 35 34 33 32 de ad 

Wrote 2 bytes to offset 62, with req size 4
0f 0e 0d 0c 0b 0a 09 08 
07 06 05 04 03 02 01 00 
1f ff 1d 1c ff ff 19 18 
17 16 ff ff ff ff 11 10 
2f 2e 2d 2c 2b 2a ff ff 
ff ff ff ff ff ff b1 e0 
3f 3e 3d 3c 3b 3a 39 38 
37 36 35 34 33 32 be da 

Wrote 0 bytes to offset 0, with req size 0
0f 0e 0d 0c 0b 0a 09 08 
07 06 05 04 03 02 01 00 
1f ff 1d 1c ff ff 19 18 
17 16 ff ff ff ff 11 10 
2f 2e 2d 2c 2b 2a ff ff 
ff ff ff ff ff ff b1 e0 
3f 3e 3d 3c 3b 3a 39 38 
37 36 35 34 33 32 be da 

Wrote 0 bytes to offset 0, with req size 0
0f 0e 0d 0c 0b 0a 09 08 
07 06 05 04 03 02 01 00 
1f ff 1d 1c ff ff 19 18 
17 16 ff ff ff ff 11 10 
2f 2e 2d 2c 2b 2a ff ff 
ff ff ff ff ff ff b1 e0 
3f 3e 3d 3c 3b 3a 39 38 
37 36 35 34 33 32 be da 

Wrote 0 bytes to NULL packet
0f 0e 0d 0c 0b 0a 09 08 
07 06 05 04 03 02 01 00 
1f ff 1d 1c ff ff 19 18 
17 16 ff ff ff ff 11 10 
2f 2e 2d 2c 2b 2a ff ff 
ff ff ff ff ff ff b1 e0 
3f 3e 3d 3c 3b 3a 39 38 
37 36 35 34 33 32 be da 

Wrote 0 bytes to NULL packet
0f 0e 0d 0c 0b 0a 09 08 
07 06 05 04 03 02 01 00 
1f ff 1d 1c ff ff 19 18 
17 16 ff ff ff ff 11 10 
2f 2e 2d 2c 2b 2a ff ff 
ff ff ff ff ff ff b1 e0 
3f 3e 3d 3c 3b 3a 39 38 
37 36 35 34 33 32 be da 

Wrote 0 bytes with NULL data
0f 0e 0d 0c 0b 0a 09 08 
07 06 05 04 03 02 01 00 
1f ff 1d 1c ff ff 19 18 
17 16 ff ff ff ff 11 10 
2f 2e 2d 2c 2b 2a ff ff 
ff ff ff ff ff ff b1 e0 
3f 3e 3d 3c 3b 3a 39 38 
37 36 35 34 33 32 be da 

Wrote 0 bytes with NULL data
0f 0e 0d 0c 0b 0a 09 08 
07 06 05 04 03 02 01 00 
1f ff 1d 1c ff ff 19 18 
17 16 ff ff ff ff 11 10 
2f 2e 2d 2c 2b 2a ff ff 
ff ff ff ff ff ff b1 e0 
3f 3e 3d 3c 3b 3a 39 38 
37 36 35 34 33 32 be da 

Wrote 0 bytes with NULL enables
0f 0e 0d 0c 0b 0a 09 08 
07 06 05 04 03 02 01 00 
1f ff 1d 1c ff ff 19 18 
17 16 ff ff ff ff 11 10 
2f 2e 2d 2c 2b 2a ff ff 
ff ff ff ff ff ff b1 e0 
3f 3e 3d 3c 3b 3a 39 38 
37 36 35 34 33 32 be da 

Found 0 errors
