###########################################################################
# Copyright (C) 2023, Advanced Micro Devices, Inc. All rights reserved.
# SPDX-License-Identifier: MIT
###########################################################################
# Testing kernel phi2
# Maps after packet 0
# Maps after packet 1
# Maps after packet 2
# Maps after packet 3
# Maps after packet 4
# Maps after packet 5
# Maps after packet 6
# Maps after packet 7
# Maps after packet 8
# Maps after packet 9
# Maps after packet 10
# Maps after packet 11
# Maps after packet 12
# Maps after packet 13
# Maps after packet 14
# Maps after packet 15
# Maps after packet 16
# Maps after packet 17
# Maps after packet 18
# Maps after packet 19
# Maps after packet 20
# Maps after packet 21
# Maps after packet 22
# Maps after packet 23
# Maps after packet 24
# Testing kernel phi3
# Maps after packet 0
# Maps after packet 1
# Maps after packet 2
# Maps after packet 3
# Maps after packet 4
# Maps after packet 5
# Maps after packet 6
# Maps after packet 7
# Maps after packet 8
# Maps after packet 9
# Maps after packet 10
# Maps after packet 11
# Maps after packet 12
# Maps after packet 13
# Maps after packet 14
# Maps after packet 15
# Maps after packet 16
# Maps after packet 17
# Maps after packet 18
# Maps after packet 19
# Maps after packet 20
# Maps after packet 21
# Maps after packet 22
# Maps after packet 23
# Maps after packet 24
# Testing kernel phi4
# Maps after packet 0
# Maps after packet 1
# Maps after packet 2
# Maps after packet 3
# Maps after packet 4
# Maps after packet 5
# Maps after packet 6
# Maps after packet 7
# Maps after packet 8
# Maps after packet 9
# Maps after packet 10
# Maps after packet 11
# Maps after packet 12
# Maps after packet 13
# Maps after packet 14
# Maps after packet 15
# Maps after packet 16
# Maps after packet 17
# Maps after packet 18
# Maps after packet 19
# Maps after packet 20
# Maps after packet 21
# Maps after packet 22
# Maps after packet 23
# Maps after packet 24
# Testing kernel phi5
# Maps after packet 0
# Maps after packet 1
# Maps after packet 2
# Maps after packet 3
# Maps after packet 4
# Maps after packet 5
# Maps after packet 6
# Maps after packet 7
# Maps after packet 8
# Maps after packet 9
# Maps after packet 10
# Maps after packet 11
# Maps after packet 12
# Maps after packet 13
# Maps after packet 14
# Maps after packet 15
# Maps after packet 16
# Maps after packet 17
# Maps after packet 18
# Maps after packet 19
# Maps after packet 20
# Maps after packet 21
# Maps after packet 22
# Maps after packet 23
# Maps after packet 24
# Testing kernel phi6
# Maps after packet 0
# Maps after packet 1
# Maps after packet 2
# Maps after packet 3
# Maps after packet 4
# Maps after packet 5
# Maps after packet 6
# Maps after packet 7
# Maps after packet 8
# Maps after packet 9
# Maps after packet 10
# Maps after packet 11
# Maps after packet 12
# Maps after packet 13
# Maps after packet 14
# Maps after packet 15
# Maps after packet 16
# Maps after packet 17
# Maps after packet 18
# Maps after packet 19
# Maps after packet 20
# Maps after packet 21
# Maps after packet 22
# Maps after packet 23
# Maps after packet 24
# Testing kernel phi7
# Maps after packet 0
# Maps after packet 1
# Maps after packet 2
# Maps after packet 3
# Maps after packet 4
# Maps after packet 5
# Maps after packet 6
# Maps after packet 7
# Maps after packet 8
# Maps after packet 9
# Maps after packet 10
# Maps after packet 11
# Maps after packet 12
# Maps after packet 13
# Maps after packet 14
# Maps after packet 15
# Maps after packet 16
# Maps after packet 17
# Maps after packet 18
# Maps after packet 19
# Maps after packet 20
# Maps after packet 21
# Maps after packet 22
# Maps after packet 23
# Maps after packet 24
# Testing kernel phi8
# Maps after packet 0
# Maps after packet 1
# Maps after packet 2
# Maps after packet 3
# Maps after packet 4
# Maps after packet 5
# Maps after packet 6
# Maps after packet 7
# Maps after packet 8
# Maps after packet 9
# Maps after packet 10
# Maps after packet 11
# Maps after packet 12
# Maps after packet 13
# Maps after packet 14
# Maps after packet 15
# Maps after packet 16
# Maps after packet 17
# Maps after packet 18
# Maps after packet 19
# Maps after packet 20
# Maps after packet 21
# Maps after packet 22
# Maps after packet 23
# Maps after packet 24
# Testing kernel phi9
# Maps after packet 0
# Maps after packet 1
# Maps after packet 2
# Maps after packet 3
# Maps after packet 4
# Maps after packet 5
# Maps after packet 6
# Maps after packet 7
# Maps after packet 8
# Maps after packet 9
# Maps after packet 10
# Maps after packet 11
# Maps after packet 12
# Maps after packet 13
# Maps after packet 14
# Maps after packet 15
# Maps after packet 16
# Maps after packet 17
# Maps after packet 18
# Maps after packet 19
# Maps after packet 20
# Maps after packet 21
# Maps after packet 22
# Maps after packet 23
# Maps after packet 24
# Testing kernel phi10
# Maps after packet 0
# Maps after packet 1
# Maps after packet 2
# Maps after packet 3
# Maps after packet 4
# Maps after packet 5
# Maps after packet 6
# Maps after packet 7
# Maps after packet 8
# Maps after packet 9
# Maps after packet 10
# Maps after packet 11
# Maps after packet 12
# Maps after packet 13
# Maps after packet 14
# Maps after packet 15
# Maps after packet 16
# Maps after packet 17
# Maps after packet 18
# Maps after packet 19
# Maps after packet 20
# Maps after packet 21
# Maps after packet 22
# Maps after packet 23
# Maps after packet 24
# Testing kernel phi15
# Maps after packet 0
# Maps after packet 1
# Maps after packet 2
# Maps after packet 3
# Maps after packet 4
# Maps after packet 5
# Maps after packet 6
# Maps after packet 7
# Maps after packet 8
# Maps after packet 9
# Maps after packet 10
# Maps after packet 11
# Maps after packet 12
# Maps after packet 13
# Maps after packet 14
# Maps after packet 15
# Maps after packet 16
# Maps after packet 17
# Maps after packet 18
# Maps after packet 19
# Maps after packet 20
# Maps after packet 21
# Maps after packet 22
# Maps after packet 23
# Maps after packet 24
# Testing kernel phi16
# Maps after packet 0
# Maps after packet 1
# Maps after packet 2
# Maps after packet 3
# Maps after packet 4
# Maps after packet 5
# Maps after packet 6
# Maps after packet 7
# Maps after packet 8
# Maps after packet 9
# Maps after packet 10
# Maps after packet 11
# Maps after packet 12
# Maps after packet 13
# Maps after packet 14
# Maps after packet 15
# Maps after packet 16
# Maps after packet 17
# Maps after packet 18
# Maps after packet 19
# Maps after packet 20
# Maps after packet 21
# Maps after packet 22
# Maps after packet 23
# Maps after packet 24
# Testing kernel phi17
# Maps after packet 0
# Maps after packet 1
# Maps after packet 2
# Maps after packet 3
# Maps after packet 4
# Maps after packet 5
# Maps after packet 6
# Maps after packet 7
# Maps after packet 8
# Maps after packet 9
# Maps after packet 10
# Maps after packet 11
# Maps after packet 12
# Maps after packet 13
# Maps after packet 14
# Maps after packet 15
# Maps after packet 16
# Maps after packet 17
# Maps after packet 18
# Maps after packet 19
# Maps after packet 20
# Maps after packet 21
# Maps after packet 22
# Maps after packet 23
# Maps after packet 24
# Testing kernel phi23
# Maps after packet 0
# Maps after packet 1
# Maps after packet 2
# Maps after packet 3
# Maps after packet 4
# Maps after packet 5
# Maps after packet 6
# Maps after packet 7
# Maps after packet 8
# Maps after packet 9
# Maps after packet 10
# Maps after packet 11
# Maps after packet 12
# Maps after packet 13
# Maps after packet 14
# Maps after packet 15
# Maps after packet 16
# Maps after packet 17
# Maps after packet 18
# Maps after packet 19
# Maps after packet 20
# Maps after packet 21
# Maps after packet 22
# Maps after packet 23
# Maps after packet 24
# Testing kernel phi24
# Maps after packet 0
# Maps after packet 1
# Maps after packet 2
# Maps after packet 3
# Maps after packet 4
# Maps after packet 5
# Maps after packet 6
# Maps after packet 7
# Maps after packet 8
# Maps after packet 9
# Maps after packet 10
# Maps after packet 11
# Maps after packet 12
# Maps after packet 13
# Maps after packet 14
# Maps after packet 15
# Maps after packet 16
# Maps after packet 17
# Maps after packet 18
# Maps after packet 19
# Maps after packet 20
# Maps after packet 21
# Maps after packet 22
# Maps after packet 23
# Maps after packet 24
# Testing kernel phi25
# Maps after packet 0
# Maps after packet 1
# Maps after packet 2
# Maps after packet 3
# Maps after packet 4
# Maps after packet 5
# Maps after packet 6
# Maps after packet 7
# Maps after packet 8
# Maps after packet 9
# Maps after packet 10
# Maps after packet 11
# Maps after packet 12
# Maps after packet 13
# Maps after packet 14
# Maps after packet 15
# Maps after packet 16
# Maps after packet 17
# Maps after packet 18
# Maps after packet 19
# Maps after packet 20
# Maps after packet 21
# Maps after packet 22
# Maps after packet 23
# Maps after packet 24
# Testing kernel value_merge
# Maps after packet 0
# Maps after packet 1
# Maps after packet 2
# Maps after packet 3
# Maps after packet 4
# Maps after packet 5
# Maps after packet 6
# Maps after packet 7
# Maps after packet 8
# Maps after packet 9
# Maps after packet 10
# Maps after packet 11
# Maps after packet 12
# Maps after packet 13
# Maps after packet 14
# Maps after packet 15
# Maps after packet 16
# Maps after packet 17
# Maps after packet 18
# Maps after packet 19
# Maps after packet 20
# Maps after packet 21
# Maps after packet 22
# Maps after packet 23
# Maps after packet 24
