###########################################################################
# Copyright (C) 2023, Advanced Micro Devices, Inc. All rights reserved.
# SPDX-License-Identifier: MIT
###########################################################################
1970-01-01 00:00:00.000000
0000  00 00 80 80 80 80 80 80 80 80 80 80 80 80 80 80
0010  80 80 80 80 80 80 80 80 80 80 80 80 80 80 80 80
0020  80 80 80 80 80 80 80 80 80 80 80 80 80 80 80 80
0030  80 80 80 80 80 80 80 80 80 80 80 80 80 80 80 5f
0040  fd 03 5f 59
1970-01-01 00:00:00.000000
0000  1c b9 30 ea 93 4c 5e 5d 9e 92 0e cb 65 9e a5 f9
0010  91 4e 80 80 80 80 80 80 80 80 80 80 80 80 80 80
0020  80 80 80 80 80 80 80 80 80 80 80 80 80 80 80 80
0030  80 80 80 80 80 80 80 80 80 80 80 80 80 80 80 1d
0040  9f 98 05 0e f6 57 8f
1970-01-01 00:00:00.000000
0000  34 00 16 00 00 15 5c a8 9d f8 46 de 77 8f 92 5e
0010  e8 a8 a1 fd b6 57 3b ed 66 22 bd 21 8a b8 eb d9
0020  ca 34 a3 e0 de ca db 9c 5e a7 22 66 33 33 fb fb
0030  7c bb 62 13 c0 96 4c da 0f 3e df 77 e3 50 1e 40
0040  80 4c 5a 8f be 5f f7 63 d0 9e e8 90 3f 8e ef 56
0050  ca 08 6f 00 3d 80 80 80 80 80
1970-01-01 00:00:00.000000
0000  3f 00 40 00 00 25 c7 ee 47 e2 ed e3 e6 16 2c 54
0010  04 50 b5 37 79 f8 ce b9 1d 05 69 72 c2 39 aa 19
0020  11 28 ec f1 8d a6 5d 44 da 05 21 36 fd 6e 25 06
0030  3c 01 8c 7b 57 4b 20 3b 64 d2 77 e8 3b ae 4b 7c
0040  08 3d b5 60 1f d9 dd 76 b7 a7 86 0f 5d 06 91 95
0050  51 32 33 7a de c4 e3 f9 61 b7 de 76 b4 4d 72 3b
0060  e5 7b 30 88 96 c5 6b e6 06 d9 b6 d8 12 47 b4 28
0070  82 5c 7e 7c 83 a6 fa 06 fb 9d 17 d8 4b 43 67 bb
0080  a8 9f b5 1c
1970-01-01 00:00:00.000000
0000  16 00 40 00 01 e7 cc 49 10 d3 a0 23 c4 99 25 c1
0010  51 94 b6 b8 05 73 1d 04 a5 f2 47 9d 20 81 98 cf
0020  7d 35 ba 03 3d 22 1b 9c d3 b2 dd 0d 63 7b af be
0030  8a 76 a3 e2 6f 1c 31 47 db ca 16 d8 15 3c bd 9d
0040  44 a5 72 c7 1d a0 01 18 4f fd b5 3a 83 bd a2 9b
0050  1c 53 32 5d 8d e3 fb 2f 3e 0a f6 23 62 ef 9c b1
0060  c7 5b 4a 96 58 95 bc 3d 02 06 2b a6 f7 f4 9f 19
0070  7a 22 6c fd 9f f5 3b bc 0c 0c 93 d4 96 0c 41
1970-01-01 00:00:00.000000
0000  26 00 30 00 11 c4 1c 13 93 a2 60 e0 ac 58 93 19
0010  3e e5 94 6c d8 aa f1 4b cc 06 98 cc 39 44 5a 6b
0020  8c b6 d6 b4 b6 fa d2 06 61 d6 04 d9 ce 7c 8c 2d
0030  4e e3 9a 76 8a 24 b3 29 93 47 35 f0 1e b2 05 52
0040  22 61 56 84 59 4e fc 0c ad ce 63 1a f6 0a a4 33
0050  a9 13 c7 b5 70 9e 32 85 81 01 a6 98 16 d1 ec 72
0060  ed c3 d9 80 80 80 80 80 80 80 80 80 80 80 80 80
0070  80 80 80 80 80 80 80 80 80 80 80 80 80 80 80
