###########################################################################
# Copyright (C) 2023, Advanced Micro Devices, Inc. All rights reserved.
# SPDX-License-Identifier: MIT
###########################################################################
1970-01-01 00:00:00.000000
0000  47 00 01 02 c1 8c 29 58 58 a0 23 18 a6 14 08 00
0010  45 00 00 1d 2a af 00 00 80 11 8d e8 c0 a8 00 e7
0020  c0 a8 00 01 da a0 1a 85 00 09 88 7d 00
1970-01-01 00:00:00.000000
0000  47 00 81 02 c1 8c 29 58 58 a0 23 18 a6 14 08 00
0010  45 00 00 1d 2c 81 00 00 80 11 8c 16 c0 a8 00 e7
0020  c0 a8 00 01 d3 b1 1a 85 00 09 8d 6c 02
