Reading maps
Read 25 packets
Expecting 400 packets.
Testing kernel phi2
  Packet 0 Length 8 Result 0
  Packet 1 Length 8 Result 0
  Packet 2 Length 8 Result 0
  Packet 3 Length 8 Result 0
  Packet 4 Length 8 Result 0
  Packet 5 Length 8 Result 0
  Packet 6 Length 8 Result 0
  Packet 7 Length 8 Result 0
  Packet 8 Length 8 Result 0
  Packet 9 Length 8 Result 0
  Packet 10 Length 8 Result 0
  Packet 11 Length 8 Result 0
  Packet 12 Length 8 Result 0
  Packet 13 Length 8 Result 0
  Packet 14 Length 8 Result 0
  Packet 15 Length 8 Result 0
  Packet 16 Length 8 Result 0
  Packet 17 Length 8 Result 0
  Packet 18 Length 8 Result 0
  Packet 19 Length 8 Result 0
  Packet 20 Length 8 Result 0
  Packet 21 Length 8 Result 0
  Packet 22 Length 8 Result 0
  Packet 23 Length 8 Result 0
  Packet 24 Length 8 Result 0
Testing kernel phi3
  Packet 0 Length 8 Result 0
  Packet 1 Length 8 Result 0
  Packet 2 Length 8 Result 0
  Packet 3 Length 8 Result 0
  Packet 4 Length 8 Result 0
  Packet 5 Length 8 Result 0
  Packet 6 Length 8 Result 0
  Packet 7 Length 8 Result 0
  Packet 8 Length 8 Result 0
  Packet 9 Length 8 Result 0
  Packet 10 Length 8 Result 0
  Packet 11 Length 8 Result 0
  Packet 12 Length 8 Result 0
  Packet 13 Length 8 Result 0
  Packet 14 Length 8 Result 0
  Packet 15 Length 8 Result 0
  Packet 16 Length 8 Result 0
  Packet 17 Length 8 Result 0
  Packet 18 Length 8 Result 0
  Packet 19 Length 8 Result 0
  Packet 20 Length 8 Result 0
  Packet 21 Length 8 Result 0
  Packet 22 Length 8 Result 0
  Packet 23 Length 8 Result 0
  Packet 24 Length 8 Result 0
Testing kernel phi4
  Packet 0 Length 8 Result 0
  Packet 1 Length 8 Result 0
  Packet 2 Length 8 Result 0
  Packet 3 Length 8 Result 0
  Packet 4 Length 8 Result 0
  Packet 5 Length 8 Result 0
  Packet 6 Length 8 Result 0
  Packet 7 Length 8 Result 0
  Packet 8 Length 8 Result 0
  Packet 9 Length 8 Result 0
  Packet 10 Length 8 Result 0
  Packet 11 Length 8 Result 0
  Packet 12 Length 8 Result 0
  Packet 13 Length 8 Result 0
  Packet 14 Length 8 Result 0
  Packet 15 Length 8 Result 0
  Packet 16 Length 8 Result 0
  Packet 17 Length 8 Result 0
  Packet 18 Length 8 Result 0
  Packet 19 Length 8 Result 0
  Packet 20 Length 8 Result 0
  Packet 21 Length 8 Result 0
  Packet 22 Length 8 Result 0
  Packet 23 Length 8 Result 0
  Packet 24 Length 8 Result 0
Testing kernel phi5
  Packet 0 Length 8 Result 0
  Packet 1 Length 8 Result 0
  Packet 2 Length 8 Result 0
  Packet 3 Length 8 Result 0
  Packet 4 Length 8 Result 0
  Packet 5 Length 8 Result 0
  Packet 6 Length 8 Result 0
  Packet 7 Length 8 Result 0
  Packet 8 Length 8 Result 0
  Packet 9 Length 8 Result 0
  Packet 10 Length 8 Result 0
  Packet 11 Length 8 Result 0
  Packet 12 Length 8 Result 0
  Packet 13 Length 8 Result 0
  Packet 14 Length 8 Result 0
  Packet 15 Length 8 Result 0
  Packet 16 Length 8 Result 0
  Packet 17 Length 8 Result 0
  Packet 18 Length 8 Result 0
  Packet 19 Length 8 Result 0
  Packet 20 Length 8 Result 0
  Packet 21 Length 8 Result 0
  Packet 22 Length 8 Result 0
  Packet 23 Length 8 Result 0
  Packet 24 Length 8 Result 0
Testing kernel phi6
  Packet 0 Length 8 Result 0
  Packet 1 Length 8 Result 0
  Packet 2 Length 8 Result 0
  Packet 3 Length 8 Result 0
  Packet 4 Length 8 Result 0
  Packet 5 Length 8 Result 0
  Packet 6 Length 8 Result 0
  Packet 7 Length 8 Result 0
  Packet 8 Length 8 Result 0
  Packet 9 Length 8 Result 0
  Packet 10 Length 8 Result 0
  Packet 11 Length 8 Result 0
  Packet 12 Length 8 Result 0
  Packet 13 Length 8 Result 0
  Packet 14 Length 8 Result 0
  Packet 15 Length 8 Result 0
  Packet 16 Length 8 Result 0
  Packet 17 Length 8 Result 0
  Packet 18 Length 8 Result 0
  Packet 19 Length 8 Result 0
  Packet 20 Length 8 Result 0
  Packet 21 Length 8 Result 0
  Packet 22 Length 8 Result 0
  Packet 23 Length 8 Result 0
  Packet 24 Length 8 Result 0
Testing kernel phi7
  Packet 0 Length 8 Result 0
  Packet 1 Length 8 Result 0
  Packet 2 Length 8 Result 0
  Packet 3 Length 8 Result 0
  Packet 4 Length 8 Result 0
  Packet 5 Length 8 Result 0
  Packet 6 Length 8 Result 0
  Packet 7 Length 8 Result 0
  Packet 8 Length 8 Result 0
  Packet 9 Length 8 Result 0
  Packet 10 Length 8 Result 0
  Packet 11 Length 8 Result 0
  Packet 12 Length 8 Result 0
  Packet 13 Length 8 Result 0
  Packet 14 Length 8 Result 0
  Packet 15 Length 8 Result 0
  Packet 16 Length 8 Result 0
  Packet 17 Length 8 Result 0
  Packet 18 Length 8 Result 0
  Packet 19 Length 8 Result 0
  Packet 20 Length 8 Result 0
  Packet 21 Length 8 Result 0
  Packet 22 Length 8 Result 0
  Packet 23 Length 8 Result 0
  Packet 24 Length 8 Result 0
Testing kernel phi8
  Packet 0 Length 8 Result 0
  Packet 1 Length 8 Result 0
  Packet 2 Length 8 Result 0
  Packet 3 Length 8 Result 0
  Packet 4 Length 8 Result 0
  Packet 5 Length 8 Result 0
  Packet 6 Length 8 Result 0
  Packet 7 Length 8 Result 0
  Packet 8 Length 8 Result 0
  Packet 9 Length 8 Result 0
  Packet 10 Length 8 Result 0
  Packet 11 Length 8 Result 0
  Packet 12 Length 8 Result 0
  Packet 13 Length 8 Result 0
  Packet 14 Length 8 Result 0
  Packet 15 Length 8 Result 0
  Packet 16 Length 8 Result 0
  Packet 17 Length 8 Result 0
  Packet 18 Length 8 Result 0
  Packet 19 Length 8 Result 0
  Packet 20 Length 8 Result 0
  Packet 21 Length 8 Result 0
  Packet 22 Length 8 Result 0
  Packet 23 Length 8 Result 0
  Packet 24 Length 8 Result 0
Testing kernel phi9
  Packet 0 Length 8 Result 0
  Packet 1 Length 8 Result 0
  Packet 2 Length 8 Result 0
  Packet 3 Length 8 Result 0
  Packet 4 Length 8 Result 0
  Packet 5 Length 8 Result 0
  Packet 6 Length 8 Result 0
  Packet 7 Length 8 Result 0
  Packet 8 Length 8 Result 0
  Packet 9 Length 8 Result 0
  Packet 10 Length 8 Result 0
  Packet 11 Length 8 Result 0
  Packet 12 Length 8 Result 0
  Packet 13 Length 8 Result 0
  Packet 14 Length 8 Result 0
  Packet 15 Length 8 Result 0
  Packet 16 Length 8 Result 0
  Packet 17 Length 8 Result 0
  Packet 18 Length 8 Result 0
  Packet 19 Length 8 Result 0
  Packet 20 Length 8 Result 0
  Packet 21 Length 8 Result 0
  Packet 22 Length 8 Result 0
  Packet 23 Length 8 Result 0
  Packet 24 Length 8 Result 0
Testing kernel phi10
  Packet 0 Length 8 Result 0
  Packet 1 Length 8 Result 0
  Packet 2 Length 8 Result 0
  Packet 3 Length 8 Result 0
  Packet 4 Length 8 Result 0
  Packet 5 Length 8 Result 0
  Packet 6 Length 8 Result 0
  Packet 7 Length 8 Result 0
  Packet 8 Length 8 Result 0
  Packet 9 Length 8 Result 0
  Packet 10 Length 8 Result 0
  Packet 11 Length 8 Result 0
  Packet 12 Length 8 Result 0
  Packet 13 Length 8 Result 0
  Packet 14 Length 8 Result 0
  Packet 15 Length 8 Result 0
  Packet 16 Length 8 Result 0
  Packet 17 Length 8 Result 0
  Packet 18 Length 8 Result 0
  Packet 19 Length 8 Result 0
  Packet 20 Length 8 Result 0
  Packet 21 Length 8 Result 0
  Packet 22 Length 8 Result 0
  Packet 23 Length 8 Result 0
  Packet 24 Length 8 Result 0
Testing kernel phi15
  Packet 0 Length 8 Result 0
  Packet 1 Length 8 Result 0
  Packet 2 Length 8 Result 0
  Packet 3 Length 8 Result 0
  Packet 4 Length 8 Result 0
  Packet 5 Length 8 Result 0
  Packet 6 Length 8 Result 0
  Packet 7 Length 8 Result 0
  Packet 8 Length 8 Result 0
  Packet 9 Length 8 Result 0
  Packet 10 Length 8 Result 0
  Packet 11 Length 8 Result 0
  Packet 12 Length 8 Result 0
  Packet 13 Length 8 Result 0
  Packet 14 Length 8 Result 0
  Packet 15 Length 8 Result 0
  Packet 16 Length 8 Result 0
  Packet 17 Length 8 Result 0
  Packet 18 Length 8 Result 0
  Packet 19 Length 8 Result 0
  Packet 20 Length 8 Result 0
  Packet 21 Length 8 Result 0
  Packet 22 Length 8 Result 0
  Packet 23 Length 8 Result 0
  Packet 24 Length 8 Result 0
Testing kernel phi16
  Packet 0 Length 8 Result 0
  Packet 1 Length 8 Result 0
  Packet 2 Length 8 Result 0
  Packet 3 Length 8 Result 0
  Packet 4 Length 8 Result 0
  Packet 5 Length 8 Result 0
  Packet 6 Length 8 Result 0
  Packet 7 Length 8 Result 0
  Packet 8 Length 8 Result 0
  Packet 9 Length 8 Result 0
  Packet 10 Length 8 Result 0
  Packet 11 Length 8 Result 0
  Packet 12 Length 8 Result 0
  Packet 13 Length 8 Result 0
  Packet 14 Length 8 Result 0
  Packet 15 Length 8 Result 0
  Packet 16 Length 8 Result 0
  Packet 17 Length 8 Result 0
  Packet 18 Length 8 Result 0
  Packet 19 Length 8 Result 0
  Packet 20 Length 8 Result 0
  Packet 21 Length 8 Result 0
  Packet 22 Length 8 Result 0
  Packet 23 Length 8 Result 0
  Packet 24 Length 8 Result 0
Testing kernel phi17
  Packet 0 Length 8 Result 0
  Packet 1 Length 8 Result 0
  Packet 2 Length 8 Result 0
  Packet 3 Length 8 Result 0
  Packet 4 Length 8 Result 0
  Packet 5 Length 8 Result 0
  Packet 6 Length 8 Result 0
  Packet 7 Length 8 Result 0
  Packet 8 Length 8 Result 0
  Packet 9 Length 8 Result 0
  Packet 10 Length 8 Result 0
  Packet 11 Length 8 Result 0
  Packet 12 Length 8 Result 0
  Packet 13 Length 8 Result 0
  Packet 14 Length 8 Result 0
  Packet 15 Length 8 Result 0
  Packet 16 Length 8 Result 0
  Packet 17 Length 8 Result 0
  Packet 18 Length 8 Result 0
  Packet 19 Length 8 Result 0
  Packet 20 Length 8 Result 0
  Packet 21 Length 8 Result 0
  Packet 22 Length 8 Result 0
  Packet 23 Length 8 Result 0
  Packet 24 Length 8 Result 0
Testing kernel phi23
  Packet 0 Length 8 Result 0
  Packet 1 Length 8 Result 0
  Packet 2 Length 8 Result 0
  Packet 3 Length 8 Result 0
  Packet 4 Length 8 Result 0
  Packet 5 Length 8 Result 0
  Packet 6 Length 8 Result 0
  Packet 7 Length 8 Result 0
  Packet 8 Length 8 Result 0
  Packet 9 Length 8 Result 0
  Packet 10 Length 8 Result 0
  Packet 11 Length 8 Result 0
  Packet 12 Length 8 Result 0
  Packet 13 Length 8 Result 0
  Packet 14 Length 8 Result 0
  Packet 15 Length 8 Result 0
  Packet 16 Length 8 Result 0
  Packet 17 Length 8 Result 0
  Packet 18 Length 8 Result 0
  Packet 19 Length 8 Result 0
  Packet 20 Length 8 Result 0
  Packet 21 Length 8 Result 0
  Packet 22 Length 8 Result 0
  Packet 23 Length 8 Result 0
  Packet 24 Length 8 Result 0
Testing kernel phi24
  Packet 0 Length 8 Result 0
  Packet 1 Length 8 Result 0
  Packet 2 Length 8 Result 0
  Packet 3 Length 8 Result 0
  Packet 4 Length 8 Result 0
  Packet 5 Length 8 Result 0
  Packet 6 Length 8 Result 0
  Packet 7 Length 8 Result 0
  Packet 8 Length 8 Result 0
  Packet 9 Length 8 Result 0
  Packet 10 Length 8 Result 0
  Packet 11 Length 8 Result 0
  Packet 12 Length 8 Result 0
  Packet 13 Length 8 Result 0
  Packet 14 Length 8 Result 0
  Packet 15 Length 8 Result 0
  Packet 16 Length 8 Result 0
  Packet 17 Length 8 Result 0
  Packet 18 Length 8 Result 0
  Packet 19 Length 8 Result 0
  Packet 20 Length 8 Result 0
  Packet 21 Length 8 Result 0
  Packet 22 Length 8 Result 0
  Packet 23 Length 8 Result 0
  Packet 24 Length 8 Result 0
Testing kernel phi25
  Packet 0 Length 8 Result 0
  Packet 1 Length 8 Result 0
  Packet 2 Length 8 Result 0
  Packet 3 Length 8 Result 0
  Packet 4 Length 8 Result 0
  Packet 5 Length 8 Result 0
  Packet 6 Length 8 Result 0
  Packet 7 Length 8 Result 0
  Packet 8 Length 8 Result 0
  Packet 9 Length 8 Result 0
  Packet 10 Length 8 Result 0
  Packet 11 Length 8 Result 0
  Packet 12 Length 8 Result 0
  Packet 13 Length 8 Result 0
  Packet 14 Length 8 Result 0
  Packet 15 Length 8 Result 0
  Packet 16 Length 8 Result 0
  Packet 17 Length 8 Result 0
  Packet 18 Length 8 Result 0
  Packet 19 Length 8 Result 0
  Packet 20 Length 8 Result 0
  Packet 21 Length 8 Result 0
  Packet 22 Length 8 Result 0
  Packet 23 Length 8 Result 0
  Packet 24 Length 8 Result 0
Testing kernel value_merge
  Packet 0 Length 8 Result 0
  Packet 1 Length 8 Result 0
  Packet 2 Length 8 Result 0
  Packet 3 Length 8 Result 0
  Packet 4 Length 8 Result 0
  Packet 5 Length 8 Result 0
  Packet 6 Length 8 Result 0
  Packet 7 Length 8 Result 0
  Packet 8 Length 8 Result 0
  Packet 9 Length 8 Result 0
  Packet 10 Length 8 Result 0
  Packet 11 Length 8 Result 0
  Packet 12 Length 8 Result 0
  Packet 13 Length 8 Result 0
  Packet 14 Length 8 Result 0
  Packet 15 Length 8 Result 0
  Packet 16 Length 8 Result 0
  Packet 17 Length 8 Result 0
  Packet 18 Length 8 Result 0
  Packet 19 Length 8 Result 0
  Packet 20 Length 8 Result 0
  Packet 21 Length 8 Result 0
  Packet 22 Length 8 Result 0
  Packet 23 Length 8 Result 0
  Packet 24 Length 8 Result 0
Test passed!
