###########################################################################
# Copyright (C) 2023, Advanced Micro Devices, Inc. All rights reserved.
# SPDX-License-Identifier: MIT
###########################################################################
# Testing kernel simple
# Maps after packet 0
nanotube_map: 0 0 3 8
key: 63 61 62
value: 03 03 03 03 03 03 03 03
key: 68 61 74
value: 02 02 02 02 02 02 02 02
key: 63 6f 64
value: 01 01 01 01 01 01 01 01
key: 66 6f 6f
value: 00 01 02 03 04 05 06 07
end

nanotube_map: 1 0 3 8
key: 63 61 74
value: 06 06 06 06 06 06 06 06
key: 77 69 70
value: 05 05 05 05 05 05 05 05
key: 62 61 72
value: 04 04 04 04 04 04 04 04
end

nanotube_map: 2 0 3 64
end

nanotube_map: 3 0 3 8
key: 62 61 7a
value: 7c 8d e8 c0 a8 07 07 07
end

# Maps after packet 1
nanotube_map: 0 0 3 8
key: 63 61 62
value: 03 03 03 03 03 03 03 03
key: 68 61 74
value: 02 02 02 02 02 02 02 02
key: 63 6f 64
value: 01 01 01 01 01 01 01 01
key: 66 6f 6f
value: 00 01 02 03 04 05 06 07
end

nanotube_map: 1 0 3 8
key: 63 61 74
value: 06 06 06 06 06 06 06 06
key: 77 69 70
value: 05 05 05 05 05 05 05 05
key: 62 61 72
value: 04 04 04 04 04 04 04 04
end

nanotube_map: 2 0 3 64
end

nanotube_map: 3 0 3 8
key: 62 61 7a
value: 7b 8c 5c c0 a8 07 07 07
end

# Maps after packet 2
nanotube_map: 0 0 3 8
key: 63 61 62
value: 03 03 03 03 03 03 03 03
key: 68 61 74
value: 02 02 02 02 02 02 02 02
key: 63 6f 64
value: 01 01 01 01 01 01 01 01
key: 66 6f 6f
value: 00 01 02 03 04 05 06 07
end

nanotube_map: 1 0 3 8
key: 63 61 74
value: 06 06 06 06 06 06 06 06
key: 77 69 70
value: 05 05 05 05 05 05 05 05
key: 62 61 72
value: 04 04 04 04 04 04 04 04
end

nanotube_map: 2 0 3 64
end

nanotube_map: 3 0 3 8
key: 62 61 7a
value: 7b 8c 16 c0 a8 07 07 07
end

# Maps after packet 3
nanotube_map: 0 0 3 8
key: 63 61 62
value: 03 03 03 03 03 03 03 03
key: 68 61 74
value: 02 02 02 02 02 02 02 02
key: 63 6f 64
value: 01 01 01 01 01 01 01 01
key: 66 6f 6f
value: 00 01 02 03 04 05 06 07
end

nanotube_map: 1 0 3 8
key: 63 61 74
value: 06 06 06 06 06 06 06 06
key: 77 69 70
value: 05 05 05 05 05 05 05 05
key: 62 61 72
value: 04 04 04 04 04 04 04 04
end

nanotube_map: 2 0 3 64
end

nanotube_map: 3 0 3 8
key: 62 61 7a
value: 7a 8b d3 c0 a8 07 07 07
end

# Testing kernel simple_memory_phi
# Maps after packet 0
nanotube_map: 0 0 3 8
key: 63 61 62
value: 03 03 03 03 03 03 03 03
key: 68 61 74
value: 02 02 02 02 02 02 02 02
key: 63 6f 64
value: 01 01 01 01 01 01 01 01
key: 66 6f 6f
value: 00 01 02 03 04 05 06 07
end

nanotube_map: 1 0 3 8
key: 63 61 74
value: 06 06 06 06 06 06 06 06
key: 77 69 70
value: 05 05 05 05 05 05 05 05
key: 62 61 72
value: 04 04 04 04 04 04 04 04
end

nanotube_map: 2 0 3 64
end

nanotube_map: 3 0 3 8
key: 62 61 79
value: 7c 8d e8 c0 a8 00 00 00
key: 62 61 7a
value: 7a 8b d3 c0 a8 07 07 07
end

# Maps after packet 1
nanotube_map: 0 0 3 8
key: 63 61 62
value: 03 03 03 03 03 03 03 03
key: 68 61 74
value: 02 02 02 02 02 02 02 02
key: 63 6f 64
value: 01 01 01 01 01 01 01 01
key: 66 6f 6f
value: 00 01 02 03 04 05 06 07
end

nanotube_map: 1 0 3 8
key: 63 61 74
value: 06 06 06 06 06 06 06 06
key: 77 69 70
value: 05 05 05 05 05 05 05 05
key: 62 61 72
value: 04 04 04 04 04 04 04 04
end

nanotube_map: 2 0 3 64
end

nanotube_map: 3 0 3 8
key: 62 61 79
value: 7b 8c 5c c0 a8 00 00 00
key: 62 61 7a
value: 7a 8b d3 c0 a8 07 07 07
end

# Maps after packet 2
nanotube_map: 0 0 3 8
key: 63 61 62
value: 03 03 03 03 03 03 03 03
key: 68 61 74
value: 02 02 02 02 02 02 02 02
key: 63 6f 64
value: 01 01 01 01 01 01 01 01
key: 66 6f 6f
value: 00 01 02 03 04 05 06 07
end

nanotube_map: 1 0 3 8
key: 63 61 74
value: 06 06 06 06 06 06 06 06
key: 77 69 70
value: 05 05 05 05 05 05 05 05
key: 62 61 72
value: 04 04 04 04 04 04 04 04
end

nanotube_map: 2 0 3 64
end

nanotube_map: 3 0 3 8
key: 62 61 79
value: 7b 8c 16 c0 a8 00 00 00
key: 62 61 7a
value: 7a 8b d3 c0 a8 07 07 07
end

# Maps after packet 3
nanotube_map: 0 0 3 8
key: 63 61 62
value: 03 03 03 03 03 03 03 03
key: 68 61 74
value: 02 02 02 02 02 02 02 02
key: 63 6f 64
value: 01 01 01 01 01 01 01 01
key: 66 6f 6f
value: 00 01 02 03 04 05 06 07
end

nanotube_map: 1 0 3 8
key: 63 61 74
value: 06 06 06 06 06 06 06 06
key: 77 69 70
value: 05 05 05 05 05 05 05 05
key: 62 61 72
value: 04 04 04 04 04 04 04 04
end

nanotube_map: 2 0 3 64
end

nanotube_map: 3 0 3 8
key: 62 61 79
value: 7a 8b d3 c0 a8 00 00 00
key: 62 61 7a
value: 7a 8b d3 c0 a8 07 07 07
end

# Testing kernel partial_memory_phi
# Maps after packet 0
nanotube_map: 0 0 3 8
key: 63 61 62
value: 03 03 03 03 03 03 03 03
key: 68 61 74
value: 02 02 02 02 02 02 02 02
key: 63 6f 64
value: 01 01 01 01 01 01 01 01
key: 66 6f 6f
value: 00 01 02 03 04 05 06 07
end

nanotube_map: 1 0 3 8
key: 63 61 74
value: 06 06 06 06 06 06 06 06
key: 77 69 70
value: 05 05 05 05 05 05 05 05
key: 62 61 72
value: 04 04 04 04 04 04 04 04
end

nanotube_map: 2 0 3 64
end

nanotube_map: 3 0 3 8
key: 62 61 78
value: 7c 8d e8 c0 a8 00 00 00
key: 62 61 79
value: 7a 8b d3 c0 a8 00 00 00
key: 62 61 7a
value: 7a 8b d3 c0 a8 07 07 07
end

# Maps after packet 1
nanotube_map: 0 0 3 8
key: 63 61 62
value: 03 03 03 03 03 03 03 03
key: 68 61 74
value: 02 02 02 02 02 02 02 02
key: 63 6f 64
value: 01 01 01 01 01 01 01 01
key: 66 6f 6f
value: 00 01 02 03 04 05 06 07
end

nanotube_map: 1 0 3 8
key: 63 61 74
value: 06 06 06 06 06 06 06 06
key: 77 69 70
value: 05 05 05 05 05 05 05 05
key: 62 61 72
value: 04 04 04 04 04 04 04 04
end

nanotube_map: 2 0 3 64
end

nanotube_map: 3 0 3 8
key: 62 61 78
value: 7b 8c 5c c0 a8 00 00 00
key: 62 61 79
value: 7a 8b d3 c0 a8 00 00 00
key: 62 61 7a
value: 7a 8b d3 c0 a8 07 07 07
end

# Maps after packet 2
nanotube_map: 0 0 3 8
key: 63 61 62
value: 03 03 03 03 03 03 03 03
key: 68 61 74
value: 02 02 02 02 02 02 02 02
key: 63 6f 64
value: 01 01 01 01 01 01 01 01
key: 66 6f 6f
value: 00 01 02 03 04 05 06 07
end

nanotube_map: 1 0 3 8
key: 63 61 74
value: 06 06 06 06 06 06 06 06
key: 77 69 70
value: 05 05 05 05 05 05 05 05
key: 62 61 72
value: 04 04 04 04 04 04 04 04
end

nanotube_map: 2 0 3 64
end

nanotube_map: 3 0 3 8
key: 62 61 78
value: 7b 8c 16 c0 a8 00 00 00
key: 62 61 79
value: 7a 8b d3 c0 a8 00 00 00
key: 62 61 7a
value: 7a 8b d3 c0 a8 07 07 07
end

# Maps after packet 3
nanotube_map: 0 0 3 8
key: 63 61 62
value: 03 03 03 03 03 03 03 03
key: 68 61 74
value: 02 02 02 02 02 02 02 02
key: 63 6f 64
value: 01 01 01 01 01 01 01 01
key: 66 6f 6f
value: 00 01 02 03 04 05 06 07
end

nanotube_map: 1 0 3 8
key: 63 61 74
value: 06 06 06 06 06 06 06 06
key: 77 69 70
value: 05 05 05 05 05 05 05 05
key: 62 61 72
value: 04 04 04 04 04 04 04 04
end

nanotube_map: 2 0 3 64
end

nanotube_map: 3 0 3 8
key: 62 61 78
value: 7a 8b d3 c0 a8 00 00 00
key: 62 61 79
value: 7a 8b d3 c0 a8 00 00 00
key: 62 61 7a
value: 7a 8b d3 c0 a8 07 07 07
end

# Testing kernel very_simple_separate
# Maps after packet 0
nanotube_map: 0 0 3 8
key: 63 61 62
value: 03 03 03 03 03 03 03 03
key: 68 61 74
value: 02 02 02 02 02 02 02 02
key: 63 6f 64
value: 01 01 01 01 01 01 01 01
key: 66 6f 6f
value: 00 01 02 03 04 05 06 07
end

nanotube_map: 1 0 3 8
key: 63 61 74
value: 06 06 06 06 06 06 06 06
key: 77 69 70
value: 05 05 05 05 05 05 05 05
key: 62 61 72
value: 04 04 04 04 04 04 04 04
end

nanotube_map: 2 0 3 64
end

nanotube_map: 3 0 3 8
key: 62 61 78
value: 7a 8b d3 c0 a8 00 00 00
key: 62 61 79
value: 7a 8b d3 c0 a8 00 00 00
key: 62 61 7a
value: 7a 8b d3 c0 a8 07 07 07
end

# Maps after packet 1
nanotube_map: 0 0 3 8
key: 63 61 62
value: 03 03 03 03 03 03 03 03
key: 68 61 74
value: 02 02 02 02 02 02 02 02
key: 63 6f 64
value: 01 01 01 01 01 01 01 01
key: 66 6f 6f
value: 00 01 02 03 04 05 06 07
end

nanotube_map: 1 0 3 8
key: 63 61 74
value: 06 06 06 06 06 06 06 06
key: 77 69 70
value: 05 05 05 05 05 05 05 05
key: 62 61 72
value: 04 04 04 04 04 04 04 04
end

nanotube_map: 2 0 3 64
end

nanotube_map: 3 0 3 8
key: 62 61 78
value: 7a 8b d3 c0 a8 00 00 00
key: 62 61 79
value: 7a 8b d3 c0 a8 00 00 00
key: 62 61 7a
value: 7a 8b d3 c0 a8 07 07 07
end

# Maps after packet 2
nanotube_map: 0 0 3 8
key: 63 61 62
value: 03 03 03 03 03 03 03 03
key: 68 61 74
value: 02 02 02 02 02 02 02 02
key: 63 6f 64
value: 01 01 01 01 01 01 01 01
key: 66 6f 6f
value: 00 01 02 03 04 05 06 07
end

nanotube_map: 1 0 3 8
key: 63 61 74
value: 06 06 06 06 06 06 06 06
key: 77 69 70
value: 05 05 05 05 05 05 05 05
key: 62 61 72
value: 04 04 04 04 04 04 04 04
end

nanotube_map: 2 0 3 64
end

nanotube_map: 3 0 3 8
key: 62 61 78
value: 7a 8b d3 c0 a8 00 00 00
key: 62 61 79
value: 7a 8b d3 c0 a8 00 00 00
key: 62 61 7a
value: 7a 8b d3 c0 a8 07 07 07
end

# Maps after packet 3
nanotube_map: 0 0 3 8
key: 63 61 62
value: 03 03 03 03 03 03 03 03
key: 68 61 74
value: 02 02 02 02 02 02 02 02
key: 63 6f 64
value: 01 01 01 01 01 01 01 01
key: 66 6f 6f
value: 00 01 02 03 04 05 06 07
end

nanotube_map: 1 0 3 8
key: 63 61 74
value: 06 06 06 06 06 06 06 06
key: 77 69 70
value: 05 05 05 05 05 05 05 05
key: 62 61 72
value: 04 04 04 04 04 04 04 04
end

nanotube_map: 2 0 3 64
end

nanotube_map: 3 0 3 8
key: 62 61 78
value: 7a 8b d3 c0 a8 00 00 00
key: 62 61 79
value: 7a 8b d3 c0 a8 00 00 00
key: 62 61 7a
value: 7a 8b d3 c0 a8 07 07 07
end

# Testing kernel very_simple_memoryphi
# Maps after packet 0
nanotube_map: 0 0 3 8
key: 63 61 62
value: 03 03 03 03 03 03 03 03
key: 68 61 74
value: 02 02 02 02 02 02 02 02
key: 63 6f 64
value: 01 01 01 01 01 01 01 01
key: 66 6f 6f
value: 00 01 02 03 04 05 06 07
end

nanotube_map: 1 0 3 8
key: 63 61 74
value: 06 06 06 06 06 06 06 06
key: 77 69 70
value: 05 05 05 05 05 05 05 05
key: 62 61 72
value: 04 04 04 04 04 04 04 04
end

nanotube_map: 2 0 3 64
end

nanotube_map: 3 0 3 8
key: 62 61 78
value: 7a 8b d3 c0 a8 00 00 00
key: 62 61 79
value: 7a 8b d3 c0 a8 00 00 00
key: 62 61 7a
value: 7a 8b d3 c0 a8 07 07 07
end

# Maps after packet 1
nanotube_map: 0 0 3 8
key: 63 61 62
value: 03 03 03 03 03 03 03 03
key: 68 61 74
value: 02 02 02 02 02 02 02 02
key: 63 6f 64
value: 01 01 01 01 01 01 01 01
key: 66 6f 6f
value: 00 01 02 03 04 05 06 07
end

nanotube_map: 1 0 3 8
key: 63 61 74
value: 06 06 06 06 06 06 06 06
key: 77 69 70
value: 05 05 05 05 05 05 05 05
key: 62 61 72
value: 04 04 04 04 04 04 04 04
end

nanotube_map: 2 0 3 64
end

nanotube_map: 3 0 3 8
key: 62 61 78
value: 7a 8b d3 c0 a8 00 00 00
key: 62 61 79
value: 7a 8b d3 c0 a8 00 00 00
key: 62 61 7a
value: 7a 8b d3 c0 a8 07 07 07
end

# Maps after packet 2
nanotube_map: 0 0 3 8
key: 63 61 62
value: 03 03 03 03 03 03 03 03
key: 68 61 74
value: 02 02 02 02 02 02 02 02
key: 63 6f 64
value: 01 01 01 01 01 01 01 01
key: 66 6f 6f
value: 00 01 02 03 04 05 06 07
end

nanotube_map: 1 0 3 8
key: 63 61 74
value: 06 06 06 06 06 06 06 06
key: 77 69 70
value: 05 05 05 05 05 05 05 05
key: 62 61 72
value: 04 04 04 04 04 04 04 04
end

nanotube_map: 2 0 3 64
end

nanotube_map: 3 0 3 8
key: 62 61 78
value: 7a 8b d3 c0 a8 00 00 00
key: 62 61 79
value: 7a 8b d3 c0 a8 00 00 00
key: 62 61 7a
value: 7a 8b d3 c0 a8 07 07 07
end

# Maps after packet 3
nanotube_map: 0 0 3 8
key: 63 61 62
value: 03 03 03 03 03 03 03 03
key: 68 61 74
value: 02 02 02 02 02 02 02 02
key: 63 6f 64
value: 01 01 01 01 01 01 01 01
key: 66 6f 6f
value: 00 01 02 03 04 05 06 07
end

nanotube_map: 1 0 3 8
key: 63 61 74
value: 06 06 06 06 06 06 06 06
key: 77 69 70
value: 05 05 05 05 05 05 05 05
key: 62 61 72
value: 04 04 04 04 04 04 04 04
end

nanotube_map: 2 0 3 64
end

nanotube_map: 3 0 3 8
key: 62 61 78
value: 7a 8b d3 c0 a8 00 00 00
key: 62 61 79
value: 7a 8b d3 c0 a8 00 00 00
key: 62 61 7a
value: 7a 8b d3 c0 a8 07 07 07
end

# Testing kernel very_simple_lmnmp
# Maps after packet 0
nanotube_map: 0 0 3 8
key: 63 61 62
value: 03 03 03 03 03 03 03 03
key: 68 61 74
value: 02 02 02 02 02 02 02 02
key: 63 6f 64
value: 01 01 01 01 01 01 01 01
key: 66 6f 6f
value: 00 01 02 03 04 05 06 07
end

nanotube_map: 1 0 3 8
key: 63 61 74
value: 06 06 06 06 06 06 06 06
key: 77 69 70
value: 05 05 05 05 05 05 05 05
key: 62 61 72
value: 04 04 04 04 04 04 04 04
end

nanotube_map: 2 0 3 64
end

nanotube_map: 3 0 3 8
key: 62 61 78
value: 7a 8b d3 c0 a8 00 00 00
key: 62 61 79
value: 7a 8b d3 c0 a8 00 00 00
key: 62 61 7a
value: 7a 8b d3 c0 a8 07 07 07
end

# Maps after packet 1
nanotube_map: 0 0 3 8
key: 63 61 62
value: 03 03 03 03 03 03 03 03
key: 68 61 74
value: 02 02 02 02 02 02 02 02
key: 63 6f 64
value: 01 01 01 01 01 01 01 01
key: 66 6f 6f
value: 00 01 02 03 04 05 06 07
end

nanotube_map: 1 0 3 8
key: 63 61 74
value: 06 06 06 06 06 06 06 06
key: 77 69 70
value: 05 05 05 05 05 05 05 05
key: 62 61 72
value: 04 04 04 04 04 04 04 04
end

nanotube_map: 2 0 3 64
end

nanotube_map: 3 0 3 8
key: 62 61 78
value: 7a 8b d3 c0 a8 00 00 00
key: 62 61 79
value: 7a 8b d3 c0 a8 00 00 00
key: 62 61 7a
value: 7a 8b d3 c0 a8 07 07 07
end

# Maps after packet 2
nanotube_map: 0 0 3 8
key: 63 61 62
value: 03 03 03 03 03 03 03 03
key: 68 61 74
value: 02 02 02 02 02 02 02 02
key: 63 6f 64
value: 01 01 01 01 01 01 01 01
key: 66 6f 6f
value: 00 01 02 03 04 05 06 07
end

nanotube_map: 1 0 3 8
key: 63 61 74
value: 06 06 06 06 06 06 06 06
key: 77 69 70
value: 05 05 05 05 05 05 05 05
key: 62 61 72
value: 04 04 04 04 04 04 04 04
end

nanotube_map: 2 0 3 64
end

nanotube_map: 3 0 3 8
key: 62 61 78
value: 7a 8b d3 c0 a8 00 00 00
key: 62 61 79
value: 7a 8b d3 c0 a8 00 00 00
key: 62 61 7a
value: 7a 8b d3 c0 a8 07 07 07
end

# Maps after packet 3
nanotube_map: 0 0 3 8
key: 63 61 62
value: 03 03 03 03 03 03 03 03
key: 68 61 74
value: 02 02 02 02 02 02 02 02
key: 63 6f 64
value: 01 01 01 01 01 01 01 01
key: 66 6f 6f
value: 00 01 02 03 04 05 06 07
end

nanotube_map: 1 0 3 8
key: 63 61 74
value: 06 06 06 06 06 06 06 06
key: 77 69 70
value: 05 05 05 05 05 05 05 05
key: 62 61 72
value: 04 04 04 04 04 04 04 04
end

nanotube_map: 2 0 3 64
end

nanotube_map: 3 0 3 8
key: 62 61 78
value: 7a 8b d3 c0 a8 00 00 00
key: 62 61 79
value: 7a 8b d3 c0 a8 00 00 00
key: 62 61 7a
value: 7a 8b d3 c0 a8 07 07 07
end

