Reading maps
Read 9 packets
Expecting 9 packets.
Testing kernel kernel
  Packet 0 Length 50 Result 0
  Packet 1 Length 38 Result 0
  Packet 2 Length 47 Result 0
  Packet 3 Length 35 Result 0
  Packet 4 Length 46 Result 0
  Packet 5 Length 43 Result 0
  Packet 6 Length 41 Result 0
  Packet 7 Length 43 Result 0
  Packet 8 Length 43 Result 0
Test passed!
