###########################################################################
# Copyright (C) 2023, Advanced Micro Devices, Inc. All rights reserved.
# SPDX-License-Identifier: MIT
###########################################################################
# Request: Offset 0x09, Delete 0x00, Insert 0x21
1980-01-01 01:00:00.000000
0000 09 00 00 00 21 00 cd 32 11 00 00 00 00 00 00 00
0010 00 00 00 00 00 00 00 00 00 00 00 00 00 00 00 00
0020 00 00 00 00 00 00 00 00 00 00 aa 70 f8 c2 98 3c
0030 61 b9 df 7c 17 e3 6d 2c 02 62 6a 16 6d 38 fa 0e
0040 b4 c8 99 26 e9 7e 49 ff c3 02 cb 0c 86 6a f4 c1
0050 b8 2f 3f 5f

# Request: Offset 0x37, Delete 0x04, Insert: 0x1e
1980-01-01 02:00:00.000000
0000 37 00 04 00 1e 00 97 b4 6f 93 18 a5 a9 52 b8 e7
0010 18 9d 20 84 ac 31 24 7b 26 e6 ed 02 c0 e0 24 a9
0020 d0 23 b8 8b 00 62 7a 43 c0 09 2d 8f b4 22 94 b9
0030 1b b8 76 26 0c ee 80 00 00 00 00 00 00 00 00 00
0040 00 00 00 00 00 00 00 00 00 00 00 00 00 00 00 00
0050 00 00 00 00 00 83 6e 53 03 46 af e5 ed 5d e0 f8
0060 45 db 98 b9 35 96 2a 9c 5e bf 65 48 ef ff d1 6f
0070 1a 32 61 62 67 5d 41 76 6e ec 9b 07 0e c8 b9 ac

# Request: Offset 0x15, Delete 0x0a, Insert: 0x00
1980-01-01 03:00:00.000000
0000 15 00 0a 00 00 00 8b cc b7 1c 48 4f dc 1a f7 9b
0010 7c 49 08 d8 4a f0 9b 46 ef 42 c1 5e 55 17 b3 b2
0020 40 d9 3d f4 f8 47 d1 75 a3 28 c7 2c 4c c9 40 8e
0030 a5 e7 93 a7 3c f5 45 e1 8f e6 46 37 d7 ce 78 a6
0040 78 32 76 d5 da d6 3b 6d 2d 97 ba f5 65 d0 48 d9
0050 e6 de c4 dc 01 eb 54 79 71 a7 b3 89 a5 03 fa 03
0060 2a 4a 53 64

# Request: Offset 0x3a, Delete 0x13, Insert: 0x00
1980-01-01 04:00:00.000000
0000 3a 00 13 00 00 00 0d 24 6a 5f 59 aa 93 2d a0 73
0010 fe 1d 34 63 ea 21 b9 4c eb bc 6f 21 73 45 60 7c
0020 7f f7 b3 d8 73 ba 68 f0 c4 e3 1c da 32 e4 04 06
0030 6d ee b3 f3 44 f4 5e 07 42 5c 9c 5e bf 65 48 ef
0040 ff d1 6f 1a 32 61 62 67 5d 41 76 6e ec 9b 07 0e
0050 c8 b9 ac 57 cc 4b 35 52 77 9e bf 80 d5 67

# Request: Offset 0x01, Delete 0x00, Insert: 0x00 (aka no-op)
1980-01-01 04:00:00.000000
0000 01 00 00 00 00 00 06 07 08 09 0a 0b 0c 0d 0e 0f
0010 10 11 12 13 14 15 16 17 18 19 1a 1b 1c 1d 1e 1f
0020 20 21 22 23 24 25 26 27 28 29 2a 2b 2c 2d 2e 2f
0030 30 31 32 33 34 35 36 37 38 39 3a 3b 3c 3d 3e 3f
0040 40 41 42 43 44 45 46 47 48 49 4a 4b 4c 4d 4e 4f
0050 50 51 52 53 54 55 56 57 58 59 5a 5b 5c 5d 5e 5f
0060 60 61 62 63 64 65 66 67 68 69 6a 6b 6c 6d 6e 6f
0070 70
