###########################################################################
# Copyright (C) 2023, Advanced Micro Devices, Inc. All rights reserved.
# SPDX-License-Identifier: MIT
###########################################################################
1970-01-01 00:00:00.000000
0000  7f 02 04 06 05
1970-01-01 00:00:00.000000
0000  70 0f 04 06 06
1970-01-01 00:00:00.000000
0000  00 02 04 06 00
1970-01-01 00:00:00.000000
0000  70 0f 04 06 06
1970-01-01 00:00:00.000000
0000  00 02 04 06 00
