###########################################################################
# Copyright (C) 2023, Advanced Micro Devices, Inc. All rights reserved.
# SPDX-License-Identifier: MIT
###########################################################################
# Testing kernel memset_test
# Maps after packet 0
# Testing kernel select_test
# Maps after packet 0
