###########################################################################
# Copyright (C) 2023, Advanced Micro Devices, Inc. All rights reserved.
# SPDX-License-Identifier: MIT
###########################################################################
1970-01-01 00:00:00.000000
0000  01 00 00 00 00 00 00 00
1970-01-01 00:00:00.000000
0000  02 00 00 00 01 00 00 00
1970-01-01 00:00:00.000000
0000  04 00 00 00 ff ff ff ff
1970-01-01 00:00:00.000000
0000  08 00 00 00 ff ff ff ff
1970-01-01 00:00:00.000000
0000  10 00 00 00 ff ff ff ff
1970-01-01 00:00:00.000000
0000  20 00 00 00 ff ff ff ff
1970-01-01 00:00:00.000000
0000  40 00 00 00 ff ff ff ff
1970-01-01 00:00:00.000000
0000  80 00 00 00 ff ff ff ff
1970-01-01 00:00:00.000000
0000  00 01 00 00 ff ff ff ff
1970-01-01 00:00:00.000000
0000  00 02 00 00 ff ff ff ff
1970-01-01 00:00:00.000000
0000  00 04 00 00 ff ff ff ff
1970-01-01 00:00:00.000000
0000  00 08 00 00 ff ff ff ff
1970-01-01 00:00:00.000000
0000  00 10 00 00 ff ff ff ff
1970-01-01 00:00:00.000000
0000  00 20 00 00 ff ff ff ff
1970-01-01 00:00:00.000000
0000  00 40 00 00 ff ff ff ff
1970-01-01 00:00:00.000000
0000  00 80 00 00 ff ff ff ff
1970-01-01 00:00:00.000000
0000  00 00 01 00 ff ff ff ff
1970-01-01 00:00:00.000000
0000  00 00 02 00 ff ff ff ff
1970-01-01 00:00:00.000000
0000  00 00 04 00 ff ff ff ff
1970-01-01 00:00:00.000000
0000  00 00 08 00 ff ff ff ff
1970-01-01 00:00:00.000000
0000  00 00 10 00 ff ff ff ff
1970-01-01 00:00:00.000000
0000  00 00 20 00 ff ff ff ff
1970-01-01 00:00:00.000000
0000  00 00 40 00 ff ff ff ff
1970-01-01 00:00:00.000000
0000  00 00 80 00 ff ff ff ff
1970-01-01 00:00:00.000000
0000  00 00 00 01 ff ff ff ff
1970-01-01 00:00:00.000000
0000  01 00 00 00 00 00 00 00
1970-01-01 00:00:00.000000
0000  02 00 00 00 01 00 00 00
1970-01-01 00:00:00.000000
0000  04 00 00 00 02 00 00 00
1970-01-01 00:00:00.000000
0000  08 00 00 00 ff ff ff ff
1970-01-01 00:00:00.000000
0000  10 00 00 00 ff ff ff ff
1970-01-01 00:00:00.000000
0000  20 00 00 00 ff ff ff ff
1970-01-01 00:00:00.000000
0000  40 00 00 00 ff ff ff ff
1970-01-01 00:00:00.000000
0000  80 00 00 00 ff ff ff ff
1970-01-01 00:00:00.000000
0000  00 01 00 00 ff ff ff ff
1970-01-01 00:00:00.000000
0000  00 02 00 00 ff ff ff ff
1970-01-01 00:00:00.000000
0000  00 04 00 00 ff ff ff ff
1970-01-01 00:00:00.000000
0000  00 08 00 00 ff ff ff ff
1970-01-01 00:00:00.000000
0000  00 10 00 00 ff ff ff ff
1970-01-01 00:00:00.000000
0000  00 20 00 00 ff ff ff ff
1970-01-01 00:00:00.000000
0000  00 40 00 00 ff ff ff ff
1970-01-01 00:00:00.000000
0000  00 80 00 00 ff ff ff ff
1970-01-01 00:00:00.000000
0000  00 00 01 00 ff ff ff ff
1970-01-01 00:00:00.000000
0000  00 00 02 00 ff ff ff ff
1970-01-01 00:00:00.000000
0000  00 00 04 00 ff ff ff ff
1970-01-01 00:00:00.000000
0000  00 00 08 00 ff ff ff ff
1970-01-01 00:00:00.000000
0000  00 00 10 00 ff ff ff ff
1970-01-01 00:00:00.000000
0000  00 00 20 00 ff ff ff ff
1970-01-01 00:00:00.000000
0000  00 00 40 00 ff ff ff ff
1970-01-01 00:00:00.000000
0000  00 00 80 00 ff ff ff ff
1970-01-01 00:00:00.000000
0000  00 00 00 01 ff ff ff ff
1970-01-01 00:00:00.000000
0000  01 00 00 00 00 00 00 00
1970-01-01 00:00:00.000000
0000  02 00 00 00 01 00 00 00
1970-01-01 00:00:00.000000
0000  04 00 00 00 02 00 00 00
1970-01-01 00:00:00.000000
0000  08 00 00 00 03 00 00 00
1970-01-01 00:00:00.000000
0000  10 00 00 00 ff ff ff ff
1970-01-01 00:00:00.000000
0000  20 00 00 00 ff ff ff ff
1970-01-01 00:00:00.000000
0000  40 00 00 00 ff ff ff ff
1970-01-01 00:00:00.000000
0000  80 00 00 00 ff ff ff ff
1970-01-01 00:00:00.000000
0000  00 01 00 00 ff ff ff ff
1970-01-01 00:00:00.000000
0000  00 02 00 00 ff ff ff ff
1970-01-01 00:00:00.000000
0000  00 04 00 00 ff ff ff ff
1970-01-01 00:00:00.000000
0000  00 08 00 00 ff ff ff ff
1970-01-01 00:00:00.000000
0000  00 10 00 00 ff ff ff ff
1970-01-01 00:00:00.000000
0000  00 20 00 00 ff ff ff ff
1970-01-01 00:00:00.000000
0000  00 40 00 00 ff ff ff ff
1970-01-01 00:00:00.000000
0000  00 80 00 00 ff ff ff ff
1970-01-01 00:00:00.000000
0000  00 00 01 00 ff ff ff ff
1970-01-01 00:00:00.000000
0000  00 00 02 00 ff ff ff ff
1970-01-01 00:00:00.000000
0000  00 00 04 00 ff ff ff ff
1970-01-01 00:00:00.000000
0000  00 00 08 00 ff ff ff ff
1970-01-01 00:00:00.000000
0000  00 00 10 00 ff ff ff ff
1970-01-01 00:00:00.000000
0000  00 00 20 00 ff ff ff ff
1970-01-01 00:00:00.000000
0000  00 00 40 00 ff ff ff ff
1970-01-01 00:00:00.000000
0000  00 00 80 00 ff ff ff ff
1970-01-01 00:00:00.000000
0000  00 00 00 01 ff ff ff ff
1970-01-01 00:00:00.000000
0000  01 00 00 00 00 00 00 00
1970-01-01 00:00:00.000000
0000  02 00 00 00 01 00 00 00
1970-01-01 00:00:00.000000
0000  04 00 00 00 02 00 00 00
1970-01-01 00:00:00.000000
0000  08 00 00 00 03 00 00 00
1970-01-01 00:00:00.000000
0000  10 00 00 00 04 00 00 00
1970-01-01 00:00:00.000000
0000  20 00 00 00 ff ff ff ff
1970-01-01 00:00:00.000000
0000  40 00 00 00 ff ff ff ff
1970-01-01 00:00:00.000000
0000  80 00 00 00 ff ff ff ff
1970-01-01 00:00:00.000000
0000  00 01 00 00 ff ff ff ff
1970-01-01 00:00:00.000000
0000  00 02 00 00 ff ff ff ff
1970-01-01 00:00:00.000000
0000  00 04 00 00 ff ff ff ff
1970-01-01 00:00:00.000000
0000  00 08 00 00 ff ff ff ff
1970-01-01 00:00:00.000000
0000  00 10 00 00 ff ff ff ff
1970-01-01 00:00:00.000000
0000  00 20 00 00 ff ff ff ff
1970-01-01 00:00:00.000000
0000  00 40 00 00 ff ff ff ff
1970-01-01 00:00:00.000000
0000  00 80 00 00 ff ff ff ff
1970-01-01 00:00:00.000000
0000  00 00 01 00 ff ff ff ff
1970-01-01 00:00:00.000000
0000  00 00 02 00 ff ff ff ff
1970-01-01 00:00:00.000000
0000  00 00 04 00 ff ff ff ff
1970-01-01 00:00:00.000000
0000  00 00 08 00 ff ff ff ff
1970-01-01 00:00:00.000000
0000  00 00 10 00 ff ff ff ff
1970-01-01 00:00:00.000000
0000  00 00 20 00 ff ff ff ff
1970-01-01 00:00:00.000000
0000  00 00 40 00 ff ff ff ff
1970-01-01 00:00:00.000000
0000  00 00 80 00 ff ff ff ff
1970-01-01 00:00:00.000000
0000  00 00 00 01 ff ff ff ff
1970-01-01 00:00:00.000000
0000  01 00 00 00 00 00 00 00
1970-01-01 00:00:00.000000
0000  02 00 00 00 01 00 00 00
1970-01-01 00:00:00.000000
0000  04 00 00 00 02 00 00 00
1970-01-01 00:00:00.000000
0000  08 00 00 00 03 00 00 00
1970-01-01 00:00:00.000000
0000  10 00 00 00 04 00 00 00
1970-01-01 00:00:00.000000
0000  20 00 00 00 05 00 00 00
1970-01-01 00:00:00.000000
0000  40 00 00 00 ff ff ff ff
1970-01-01 00:00:00.000000
0000  80 00 00 00 ff ff ff ff
1970-01-01 00:00:00.000000
0000  00 01 00 00 ff ff ff ff
1970-01-01 00:00:00.000000
0000  00 02 00 00 ff ff ff ff
1970-01-01 00:00:00.000000
0000  00 04 00 00 ff ff ff ff
1970-01-01 00:00:00.000000
0000  00 08 00 00 ff ff ff ff
1970-01-01 00:00:00.000000
0000  00 10 00 00 ff ff ff ff
1970-01-01 00:00:00.000000
0000  00 20 00 00 ff ff ff ff
1970-01-01 00:00:00.000000
0000  00 40 00 00 ff ff ff ff
1970-01-01 00:00:00.000000
0000  00 80 00 00 ff ff ff ff
1970-01-01 00:00:00.000000
0000  00 00 01 00 ff ff ff ff
1970-01-01 00:00:00.000000
0000  00 00 02 00 ff ff ff ff
1970-01-01 00:00:00.000000
0000  00 00 04 00 ff ff ff ff
1970-01-01 00:00:00.000000
0000  00 00 08 00 ff ff ff ff
1970-01-01 00:00:00.000000
0000  00 00 10 00 ff ff ff ff
1970-01-01 00:00:00.000000
0000  00 00 20 00 ff ff ff ff
1970-01-01 00:00:00.000000
0000  00 00 40 00 ff ff ff ff
1970-01-01 00:00:00.000000
0000  00 00 80 00 ff ff ff ff
1970-01-01 00:00:00.000000
0000  00 00 00 01 ff ff ff ff
1970-01-01 00:00:00.000000
0000  01 00 00 00 00 00 00 00
1970-01-01 00:00:00.000000
0000  02 00 00 00 01 00 00 00
1970-01-01 00:00:00.000000
0000  04 00 00 00 02 00 00 00
1970-01-01 00:00:00.000000
0000  08 00 00 00 03 00 00 00
1970-01-01 00:00:00.000000
0000  10 00 00 00 04 00 00 00
1970-01-01 00:00:00.000000
0000  20 00 00 00 05 00 00 00
1970-01-01 00:00:00.000000
0000  40 00 00 00 06 00 00 00
1970-01-01 00:00:00.000000
0000  80 00 00 00 ff ff ff ff
1970-01-01 00:00:00.000000
0000  00 01 00 00 ff ff ff ff
1970-01-01 00:00:00.000000
0000  00 02 00 00 ff ff ff ff
1970-01-01 00:00:00.000000
0000  00 04 00 00 ff ff ff ff
1970-01-01 00:00:00.000000
0000  00 08 00 00 ff ff ff ff
1970-01-01 00:00:00.000000
0000  00 10 00 00 ff ff ff ff
1970-01-01 00:00:00.000000
0000  00 20 00 00 ff ff ff ff
1970-01-01 00:00:00.000000
0000  00 40 00 00 ff ff ff ff
1970-01-01 00:00:00.000000
0000  00 80 00 00 ff ff ff ff
1970-01-01 00:00:00.000000
0000  00 00 01 00 ff ff ff ff
1970-01-01 00:00:00.000000
0000  00 00 02 00 ff ff ff ff
1970-01-01 00:00:00.000000
0000  00 00 04 00 ff ff ff ff
1970-01-01 00:00:00.000000
0000  00 00 08 00 ff ff ff ff
1970-01-01 00:00:00.000000
0000  00 00 10 00 ff ff ff ff
1970-01-01 00:00:00.000000
0000  00 00 20 00 ff ff ff ff
1970-01-01 00:00:00.000000
0000  00 00 40 00 ff ff ff ff
1970-01-01 00:00:00.000000
0000  00 00 80 00 ff ff ff ff
1970-01-01 00:00:00.000000
0000  00 00 00 01 ff ff ff ff
1970-01-01 00:00:00.000000
0000  01 00 00 00 00 00 00 00
1970-01-01 00:00:00.000000
0000  02 00 00 00 01 00 00 00
1970-01-01 00:00:00.000000
0000  04 00 00 00 02 00 00 00
1970-01-01 00:00:00.000000
0000  08 00 00 00 03 00 00 00
1970-01-01 00:00:00.000000
0000  10 00 00 00 04 00 00 00
1970-01-01 00:00:00.000000
0000  20 00 00 00 05 00 00 00
1970-01-01 00:00:00.000000
0000  40 00 00 00 06 00 00 00
1970-01-01 00:00:00.000000
0000  80 00 00 00 07 00 00 00
1970-01-01 00:00:00.000000
0000  00 01 00 00 ff ff ff ff
1970-01-01 00:00:00.000000
0000  00 02 00 00 ff ff ff ff
1970-01-01 00:00:00.000000
0000  00 04 00 00 ff ff ff ff
1970-01-01 00:00:00.000000
0000  00 08 00 00 ff ff ff ff
1970-01-01 00:00:00.000000
0000  00 10 00 00 ff ff ff ff
1970-01-01 00:00:00.000000
0000  00 20 00 00 ff ff ff ff
1970-01-01 00:00:00.000000
0000  00 40 00 00 ff ff ff ff
1970-01-01 00:00:00.000000
0000  00 80 00 00 ff ff ff ff
1970-01-01 00:00:00.000000
0000  00 00 01 00 ff ff ff ff
1970-01-01 00:00:00.000000
0000  00 00 02 00 ff ff ff ff
1970-01-01 00:00:00.000000
0000  00 00 04 00 ff ff ff ff
1970-01-01 00:00:00.000000
0000  00 00 08 00 ff ff ff ff
1970-01-01 00:00:00.000000
0000  00 00 10 00 ff ff ff ff
1970-01-01 00:00:00.000000
0000  00 00 20 00 ff ff ff ff
1970-01-01 00:00:00.000000
0000  00 00 40 00 ff ff ff ff
1970-01-01 00:00:00.000000
0000  00 00 80 00 ff ff ff ff
1970-01-01 00:00:00.000000
0000  00 00 00 01 ff ff ff ff
1970-01-01 00:00:00.000000
0000  01 00 00 00 00 00 00 00
1970-01-01 00:00:00.000000
0000  02 00 00 00 01 00 00 00
1970-01-01 00:00:00.000000
0000  04 00 00 00 02 00 00 00
1970-01-01 00:00:00.000000
0000  08 00 00 00 03 00 00 00
1970-01-01 00:00:00.000000
0000  10 00 00 00 04 00 00 00
1970-01-01 00:00:00.000000
0000  20 00 00 00 05 00 00 00
1970-01-01 00:00:00.000000
0000  40 00 00 00 06 00 00 00
1970-01-01 00:00:00.000000
0000  80 00 00 00 07 00 00 00
1970-01-01 00:00:00.000000
0000  00 01 00 00 08 00 00 00
1970-01-01 00:00:00.000000
0000  00 02 00 00 ff ff ff ff
1970-01-01 00:00:00.000000
0000  00 04 00 00 ff ff ff ff
1970-01-01 00:00:00.000000
0000  00 08 00 00 ff ff ff ff
1970-01-01 00:00:00.000000
0000  00 10 00 00 ff ff ff ff
1970-01-01 00:00:00.000000
0000  00 20 00 00 ff ff ff ff
1970-01-01 00:00:00.000000
0000  00 40 00 00 ff ff ff ff
1970-01-01 00:00:00.000000
0000  00 80 00 00 ff ff ff ff
1970-01-01 00:00:00.000000
0000  00 00 01 00 ff ff ff ff
1970-01-01 00:00:00.000000
0000  00 00 02 00 ff ff ff ff
1970-01-01 00:00:00.000000
0000  00 00 04 00 ff ff ff ff
1970-01-01 00:00:00.000000
0000  00 00 08 00 ff ff ff ff
1970-01-01 00:00:00.000000
0000  00 00 10 00 ff ff ff ff
1970-01-01 00:00:00.000000
0000  00 00 20 00 ff ff ff ff
1970-01-01 00:00:00.000000
0000  00 00 40 00 ff ff ff ff
1970-01-01 00:00:00.000000
0000  00 00 80 00 ff ff ff ff
1970-01-01 00:00:00.000000
0000  00 00 00 01 ff ff ff ff
1970-01-01 00:00:00.000000
0000  01 00 00 00 00 00 00 00
1970-01-01 00:00:00.000000
0000  02 00 00 00 01 00 00 00
1970-01-01 00:00:00.000000
0000  04 00 00 00 02 00 00 00
1970-01-01 00:00:00.000000
0000  08 00 00 00 03 00 00 00
1970-01-01 00:00:00.000000
0000  10 00 00 00 04 00 00 00
1970-01-01 00:00:00.000000
0000  20 00 00 00 05 00 00 00
1970-01-01 00:00:00.000000
0000  40 00 00 00 06 00 00 00
1970-01-01 00:00:00.000000
0000  80 00 00 00 07 00 00 00
1970-01-01 00:00:00.000000
0000  00 01 00 00 08 00 00 00
1970-01-01 00:00:00.000000
0000  00 02 00 00 ff ff ff ff
1970-01-01 00:00:00.000000
0000  00 04 00 00 ff ff ff ff
1970-01-01 00:00:00.000000
0000  00 08 00 00 ff ff ff ff
1970-01-01 00:00:00.000000
0000  00 10 00 00 ff ff ff ff
1970-01-01 00:00:00.000000
0000  00 20 00 00 ff ff ff ff
1970-01-01 00:00:00.000000
0000  00 40 00 00 ff ff ff ff
1970-01-01 00:00:00.000000
0000  00 80 00 00 ff ff ff ff
1970-01-01 00:00:00.000000
0000  00 00 01 00 ff ff ff ff
1970-01-01 00:00:00.000000
0000  00 00 02 00 ff ff ff ff
1970-01-01 00:00:00.000000
0000  00 00 04 00 ff ff ff ff
1970-01-01 00:00:00.000000
0000  00 00 08 00 ff ff ff ff
1970-01-01 00:00:00.000000
0000  00 00 10 00 ff ff ff ff
1970-01-01 00:00:00.000000
0000  00 00 20 00 ff ff ff ff
1970-01-01 00:00:00.000000
0000  00 00 40 00 ff ff ff ff
1970-01-01 00:00:00.000000
0000  00 00 80 00 ff ff ff ff
1970-01-01 00:00:00.000000
0000  00 00 00 01 ff ff ff ff
1970-01-01 00:00:00.000000
0000  01 00 00 00 00 00 00 00
1970-01-01 00:00:00.000000
0000  02 00 00 00 01 00 00 00
1970-01-01 00:00:00.000000
0000  04 00 00 00 02 00 00 00
1970-01-01 00:00:00.000000
0000  08 00 00 00 03 00 00 00
1970-01-01 00:00:00.000000
0000  10 00 00 00 04 00 00 00
1970-01-01 00:00:00.000000
0000  20 00 00 00 05 00 00 00
1970-01-01 00:00:00.000000
0000  40 00 00 00 06 00 00 00
1970-01-01 00:00:00.000000
0000  80 00 00 00 07 00 00 00
1970-01-01 00:00:00.000000
0000  00 01 00 00 08 00 00 00
1970-01-01 00:00:00.000000
0000  00 02 00 00 09 00 00 00
1970-01-01 00:00:00.000000
0000  00 04 00 00 0a 00 00 00
1970-01-01 00:00:00.000000
0000  00 08 00 00 0b 00 00 00
1970-01-01 00:00:00.000000
0000  00 10 00 00 0c 00 00 00
1970-01-01 00:00:00.000000
0000  00 20 00 00 0d 00 00 00
1970-01-01 00:00:00.000000
0000  00 40 00 00 0e 00 00 00
1970-01-01 00:00:00.000000
0000  00 80 00 00 ff ff ff ff
1970-01-01 00:00:00.000000
0000  00 00 01 00 ff ff ff ff
1970-01-01 00:00:00.000000
0000  00 00 02 00 ff ff ff ff
1970-01-01 00:00:00.000000
0000  00 00 04 00 ff ff ff ff
1970-01-01 00:00:00.000000
0000  00 00 08 00 ff ff ff ff
1970-01-01 00:00:00.000000
0000  00 00 10 00 ff ff ff ff
1970-01-01 00:00:00.000000
0000  00 00 20 00 ff ff ff ff
1970-01-01 00:00:00.000000
0000  00 00 40 00 ff ff ff ff
1970-01-01 00:00:00.000000
0000  00 00 80 00 ff ff ff ff
1970-01-01 00:00:00.000000
0000  00 00 00 01 ff ff ff ff
1970-01-01 00:00:00.000000
0000  01 00 00 00 00 00 00 00
1970-01-01 00:00:00.000000
0000  02 00 00 00 01 00 00 00
1970-01-01 00:00:00.000000
0000  04 00 00 00 02 00 00 00
1970-01-01 00:00:00.000000
0000  08 00 00 00 03 00 00 00
1970-01-01 00:00:00.000000
0000  10 00 00 00 04 00 00 00
1970-01-01 00:00:00.000000
0000  20 00 00 00 05 00 00 00
1970-01-01 00:00:00.000000
0000  40 00 00 00 06 00 00 00
1970-01-01 00:00:00.000000
0000  80 00 00 00 07 00 00 00
1970-01-01 00:00:00.000000
0000  00 01 00 00 08 00 00 00
1970-01-01 00:00:00.000000
0000  00 02 00 00 09 00 00 00
1970-01-01 00:00:00.000000
0000  00 04 00 00 0a 00 00 00
1970-01-01 00:00:00.000000
0000  00 08 00 00 0b 00 00 00
1970-01-01 00:00:00.000000
0000  00 10 00 00 0c 00 00 00
1970-01-01 00:00:00.000000
0000  00 20 00 00 0d 00 00 00
1970-01-01 00:00:00.000000
0000  00 40 00 00 0e 00 00 00
1970-01-01 00:00:00.000000
0000  00 80 00 00 0f 00 00 00
1970-01-01 00:00:00.000000
0000  00 00 01 00 ff ff ff ff
1970-01-01 00:00:00.000000
0000  00 00 02 00 ff ff ff ff
1970-01-01 00:00:00.000000
0000  00 00 04 00 ff ff ff ff
1970-01-01 00:00:00.000000
0000  00 00 08 00 ff ff ff ff
1970-01-01 00:00:00.000000
0000  00 00 10 00 ff ff ff ff
1970-01-01 00:00:00.000000
0000  00 00 20 00 ff ff ff ff
1970-01-01 00:00:00.000000
0000  00 00 40 00 ff ff ff ff
1970-01-01 00:00:00.000000
0000  00 00 80 00 ff ff ff ff
1970-01-01 00:00:00.000000
0000  00 00 00 01 ff ff ff ff
1970-01-01 00:00:00.000000
0000  01 00 00 00 00 00 00 00
1970-01-01 00:00:00.000000
0000  02 00 00 00 01 00 00 00
1970-01-01 00:00:00.000000
0000  04 00 00 00 02 00 00 00
1970-01-01 00:00:00.000000
0000  08 00 00 00 03 00 00 00
1970-01-01 00:00:00.000000
0000  10 00 00 00 04 00 00 00
1970-01-01 00:00:00.000000
0000  20 00 00 00 05 00 00 00
1970-01-01 00:00:00.000000
0000  40 00 00 00 06 00 00 00
1970-01-01 00:00:00.000000
0000  80 00 00 00 07 00 00 00
1970-01-01 00:00:00.000000
0000  00 01 00 00 08 00 00 00
1970-01-01 00:00:00.000000
0000  00 02 00 00 09 00 00 00
1970-01-01 00:00:00.000000
0000  00 04 00 00 0a 00 00 00
1970-01-01 00:00:00.000000
0000  00 08 00 00 0b 00 00 00
1970-01-01 00:00:00.000000
0000  00 10 00 00 0c 00 00 00
1970-01-01 00:00:00.000000
0000  00 20 00 00 0d 00 00 00
1970-01-01 00:00:00.000000
0000  00 40 00 00 0e 00 00 00
1970-01-01 00:00:00.000000
0000  00 80 00 00 0f 00 00 00
1970-01-01 00:00:00.000000
0000  00 00 01 00 10 00 00 00
1970-01-01 00:00:00.000000
0000  00 00 02 00 ff ff ff ff
1970-01-01 00:00:00.000000
0000  00 00 04 00 ff ff ff ff
1970-01-01 00:00:00.000000
0000  00 00 08 00 ff ff ff ff
1970-01-01 00:00:00.000000
0000  00 00 10 00 ff ff ff ff
1970-01-01 00:00:00.000000
0000  00 00 20 00 ff ff ff ff
1970-01-01 00:00:00.000000
0000  00 00 40 00 ff ff ff ff
1970-01-01 00:00:00.000000
0000  00 00 80 00 ff ff ff ff
1970-01-01 00:00:00.000000
0000  00 00 00 01 ff ff ff ff
1970-01-01 00:00:00.000000
0000  01 00 00 00 00 00 00 00
1970-01-01 00:00:00.000000
0000  02 00 00 00 01 00 00 00
1970-01-01 00:00:00.000000
0000  04 00 00 00 02 00 00 00
1970-01-01 00:00:00.000000
0000  08 00 00 00 03 00 00 00
1970-01-01 00:00:00.000000
0000  10 00 00 00 04 00 00 00
1970-01-01 00:00:00.000000
0000  20 00 00 00 05 00 00 00
1970-01-01 00:00:00.000000
0000  40 00 00 00 06 00 00 00
1970-01-01 00:00:00.000000
0000  80 00 00 00 07 00 00 00
1970-01-01 00:00:00.000000
0000  00 01 00 00 08 00 00 00
1970-01-01 00:00:00.000000
0000  00 02 00 00 09 00 00 00
1970-01-01 00:00:00.000000
0000  00 04 00 00 0a 00 00 00
1970-01-01 00:00:00.000000
0000  00 08 00 00 0b 00 00 00
1970-01-01 00:00:00.000000
0000  00 10 00 00 0c 00 00 00
1970-01-01 00:00:00.000000
0000  00 20 00 00 0d 00 00 00
1970-01-01 00:00:00.000000
0000  00 40 00 00 0e 00 00 00
1970-01-01 00:00:00.000000
0000  00 80 00 00 0f 00 00 00
1970-01-01 00:00:00.000000
0000  00 00 01 00 10 00 00 00
1970-01-01 00:00:00.000000
0000  00 00 02 00 11 00 00 00
1970-01-01 00:00:00.000000
0000  00 00 04 00 12 00 00 00
1970-01-01 00:00:00.000000
0000  00 00 08 00 13 00 00 00
1970-01-01 00:00:00.000000
0000  00 00 10 00 14 00 00 00
1970-01-01 00:00:00.000000
0000  00 00 20 00 15 00 00 00
1970-01-01 00:00:00.000000
0000  00 00 40 00 16 00 00 00
1970-01-01 00:00:00.000000
0000  00 00 80 00 ff ff ff ff
1970-01-01 00:00:00.000000
0000  00 00 00 01 ff ff ff ff
1970-01-01 00:00:00.000000
0000  01 00 00 00 00 00 00 00
1970-01-01 00:00:00.000000
0000  02 00 00 00 01 00 00 00
1970-01-01 00:00:00.000000
0000  04 00 00 00 02 00 00 00
1970-01-01 00:00:00.000000
0000  08 00 00 00 03 00 00 00
1970-01-01 00:00:00.000000
0000  10 00 00 00 04 00 00 00
1970-01-01 00:00:00.000000
0000  20 00 00 00 05 00 00 00
1970-01-01 00:00:00.000000
0000  40 00 00 00 06 00 00 00
1970-01-01 00:00:00.000000
0000  80 00 00 00 07 00 00 00
1970-01-01 00:00:00.000000
0000  00 01 00 00 08 00 00 00
1970-01-01 00:00:00.000000
0000  00 02 00 00 09 00 00 00
1970-01-01 00:00:00.000000
0000  00 04 00 00 0a 00 00 00
1970-01-01 00:00:00.000000
0000  00 08 00 00 0b 00 00 00
1970-01-01 00:00:00.000000
0000  00 10 00 00 0c 00 00 00
1970-01-01 00:00:00.000000
0000  00 20 00 00 0d 00 00 00
1970-01-01 00:00:00.000000
0000  00 40 00 00 0e 00 00 00
1970-01-01 00:00:00.000000
0000  00 80 00 00 0f 00 00 00
1970-01-01 00:00:00.000000
0000  00 00 01 00 10 00 00 00
1970-01-01 00:00:00.000000
0000  00 00 02 00 11 00 00 00
1970-01-01 00:00:00.000000
0000  00 00 04 00 12 00 00 00
1970-01-01 00:00:00.000000
0000  00 00 08 00 13 00 00 00
1970-01-01 00:00:00.000000
0000  00 00 10 00 14 00 00 00
1970-01-01 00:00:00.000000
0000  00 00 20 00 15 00 00 00
1970-01-01 00:00:00.000000
0000  00 00 40 00 16 00 00 00
1970-01-01 00:00:00.000000
0000  00 00 80 00 17 00 00 00
1970-01-01 00:00:00.000000
0000  00 00 00 01 ff ff ff ff
1970-01-01 00:00:00.000000
0000  01 00 00 00 00 00 00 00
1970-01-01 00:00:00.000000
0000  02 00 00 00 01 00 00 00
1970-01-01 00:00:00.000000
0000  04 00 00 00 02 00 00 00
1970-01-01 00:00:00.000000
0000  08 00 00 00 03 00 00 00
1970-01-01 00:00:00.000000
0000  10 00 00 00 04 00 00 00
1970-01-01 00:00:00.000000
0000  20 00 00 00 05 00 00 00
1970-01-01 00:00:00.000000
0000  40 00 00 00 06 00 00 00
1970-01-01 00:00:00.000000
0000  80 00 00 00 07 00 00 00
1970-01-01 00:00:00.000000
0000  00 01 00 00 08 00 00 00
1970-01-01 00:00:00.000000
0000  00 02 00 00 09 00 00 00
1970-01-01 00:00:00.000000
0000  00 04 00 00 0a 00 00 00
1970-01-01 00:00:00.000000
0000  00 08 00 00 0b 00 00 00
1970-01-01 00:00:00.000000
0000  00 10 00 00 0c 00 00 00
1970-01-01 00:00:00.000000
0000  00 20 00 00 0d 00 00 00
1970-01-01 00:00:00.000000
0000  00 40 00 00 0e 00 00 00
1970-01-01 00:00:00.000000
0000  00 80 00 00 0f 00 00 00
1970-01-01 00:00:00.000000
0000  00 00 01 00 10 00 00 00
1970-01-01 00:00:00.000000
0000  00 00 02 00 11 00 00 00
1970-01-01 00:00:00.000000
0000  00 00 04 00 12 00 00 00
1970-01-01 00:00:00.000000
0000  00 00 08 00 13 00 00 00
1970-01-01 00:00:00.000000
0000  00 00 10 00 14 00 00 00
1970-01-01 00:00:00.000000
0000  00 00 20 00 15 00 00 00
1970-01-01 00:00:00.000000
0000  00 00 40 00 16 00 00 00
1970-01-01 00:00:00.000000
0000  00 00 80 00 17 00 00 00
1970-01-01 00:00:00.000000
0000  00 00 00 01 18 00 00 00
1970-01-01 00:00:00.000000
0000  01 00 00 00 2a 00 00 00
1970-01-01 00:00:00.000000
0000  02 00 00 00 07 00 00 00
1970-01-01 00:00:00.000000
0000  04 00 00 00 09 00 00 00
1970-01-01 00:00:00.000000
0000  08 00 00 00 2a 00 00 00
1970-01-01 00:00:00.000000
0000  10 00 00 00 07 00 00 00
1970-01-01 00:00:00.000000
0000  20 00 00 00 09 00 00 00
1970-01-01 00:00:00.000000
0000  40 00 00 00 2a 00 00 00
1970-01-01 00:00:00.000000
0000  80 00 00 00 09 00 00 00
1970-01-01 00:00:00.000000
0000  00 01 00 00 ef be ad de
1970-01-01 00:00:00.000000
0000  00 02 00 00 ef be ad de
1970-01-01 00:00:00.000000
0000  00 04 00 00 ef be ad de
1970-01-01 00:00:00.000000
0000  00 08 00 00 ef be ad de
1970-01-01 00:00:00.000000
0000  00 10 00 00 ef be ad de
1970-01-01 00:00:00.000000
0000  00 20 00 00 ef be ad de
1970-01-01 00:00:00.000000
0000  00 40 00 00 ef be ad de
1970-01-01 00:00:00.000000
0000  00 80 00 00 ef be ad de
1970-01-01 00:00:00.000000
0000  00 00 01 00 ef be ad de
1970-01-01 00:00:00.000000
0000  00 00 02 00 ef be ad de
1970-01-01 00:00:00.000000
0000  00 00 04 00 ef be ad de
1970-01-01 00:00:00.000000
0000  00 00 08 00 ef be ad de
1970-01-01 00:00:00.000000
0000  00 00 10 00 ef be ad de
1970-01-01 00:00:00.000000
0000  00 00 20 00 ef be ad de
1970-01-01 00:00:00.000000
0000  00 00 40 00 ef be ad de
1970-01-01 00:00:00.000000
0000  00 00 80 00 ef be ad de
1970-01-01 00:00:00.000000
0000  00 00 00 01 ef be ad de
