###########################################################################
# Copyright (C) 2023, Advanced Micro Devices, Inc. All rights reserved.
# SPDX-License-Identifier: MIT
###########################################################################
# Testing kernel packets_in
# Maps after packet 0
# Maps after packet 1
# Maps after packet 2
# Maps after packet 3
# Maps after packet 4
