###########################################################################
# Copyright (C) 2023, Advanced Micro Devices, Inc. All rights reserved.
# SPDX-License-Identifier: MIT
###########################################################################
1970-01-01 00:00:00.000000
0000  01 02 c1 8c 29 58 58 a0 23 18 a6 14 08 00 45 00
0010  00 1d 2a af 00 00 80 11 8d e8 c0 a8 00 e7 c0 a8
0020  00 00 80 11 8d e8 c0 a8 88 7d 00
1970-01-01 00:00:00.000000
0000  01 82 c1 8c 29 58 58 a0 23 18 a6 14 08 00 45 00
0010  00 1d 2c 3b 00 00 80 11 8c 5c c0 a8 00 e7 c0 a8
0020  00 01 02 03 04 05 06 07 7c 48 01
1970-01-01 00:00:00.000000
0000  81 02 c1 8c 29 58 58 a0 23 18 a6 14 08 00 45 00
0010  00 1d 2c 81 00 00 80 11 8c 16 c0 a8 00 e7 c0 a8
0020  00 00 80 11 8c 16 c0 a8 8d 6c 02
1970-01-01 00:00:00.000000
0000  81 82 c1 8c 29 58 58 a0 23 18 a6 14 08 00 45 00
0010  00 1d 2c c4 00 00 80 11 8b d3 c0 a8 00 e7 c0 a8
0020  00 01 02 03 04 05 06 07 70 27 03
1970-01-01 00:00:00.000000
0000  01 02 c1 8c 29 58 58 a0 23 18 a6 14 08 00 45 00
0010  00 1d 2a af 00 00 80 11 8d e8 c0 a8 00 e7 c0 a8
0020  00 00 80 11 8d e8 c0 a8 88 7d 00
1970-01-01 00:00:00.000000
0000  01 82 c1 8c 29 58 58 a0 23 18 a6 14 08 00 45 00
0010  00 1d 2c 3b 00 00 80 11 8c 5c c0 a8 00 e7 c0 a8
0020  00 01 02 03 04 05 06 07 7c 48 01
1970-01-01 00:00:00.000000
0000  81 02 c1 8c 29 58 58 a0 23 18 a6 14 08 00 45 00
0010  00 1d 2c 81 00 00 80 11 8c 16 c0 a8 00 e7 c0 a8
0020  00 00 80 11 8c 16 c0 a8 8d 6c 02
1970-01-01 00:00:00.000000
0000  81 82 c1 8c 29 58 58 a0 23 18 a6 14 08 00 45 00
0010  00 1d 2c c4 00 00 80 11 8b d3 c0 a8 00 e7 c0 a8
0020  00 01 02 03 04 05 06 07 70 27 03
1970-01-01 00:00:00.000000
0000  01 02 c1 8c 29 58 58 a0 23 18 a6 14 08 00 45 00
0010  00 1d 2a af 00 00 80 11 8d e8 c0 a8 00 e7 c0 a8
0020  00 00 80 11 8d e9 c0 a8 88 7d 00
1970-01-01 00:00:00.000000
0000  01 82 c1 8c 29 58 58 a0 23 18 a6 14 08 00 45 00
0010  00 1d 2c 3b 00 00 80 11 8c 5c c0 a8 00 e7 c0 a8
0020  00 01 02 03 04 05 06 08 7c 48 01
1970-01-01 00:00:00.000000
0000  81 02 c1 8c 29 58 58 a0 23 18 a6 14 08 00 45 00
0010  00 1d 2c 81 00 00 80 11 8c 16 c0 a8 00 e7 c0 a8
0020  00 00 80 11 8c 17 c0 a8 8d 6c 02
1970-01-01 00:00:00.000000
0000  81 82 c1 8c 29 58 58 a0 23 18 a6 14 08 00 45 00
0010  00 1d 2c c4 00 00 80 11 8b d3 c0 a8 00 e7 c0 a8
0020  00 01 02 03 04 05 06 08 70 27 03
1970-01-01 00:00:00.000000
0000  01 02 c1 8c 29 58 58 a0 23 18 a6 14 08 00 45 00
0010  00 1d 2a af 00 00 80 11 8d e8 c0 a8 00 e7 c0 a8
0020  00 00 80 11 8d e8 c0 a8 88 7d 00
1970-01-01 00:00:00.000000
0000  01 82 c1 8c 29 58 58 a0 23 18 a6 14 08 00 45 00
0010  00 1d 2c 3b 00 00 80 11 8c 5c c0 a8 00 e7 c0 a8
0020  00 01 02 03 04 05 06 07 7c 48 01
1970-01-01 00:00:00.000000
0000  81 02 c1 8c 29 58 58 a0 23 18 a6 14 08 00 45 00
0010  00 1d 2c 81 00 00 80 11 8c 16 c0 a8 00 e7 c0 a8
0020  00 00 80 11 8c 16 c0 a8 8d 6c 02
1970-01-01 00:00:00.000000
0000  81 82 c1 8c 29 58 58 a0 23 18 a6 14 08 00 45 00
0010  00 1d 2c c4 00 00 80 11 8b d3 c0 a8 00 e7 c0 a8
0020  00 01 02 03 04 05 06 07 70 27 03
1970-01-01 00:00:00.000000
0000  01 02 c1 8c 29 58 58 a0 23 18 a6 14 08 00 45 00
0010  00 1d 2a af 00 00 80 11 8d e8 c0 a8 00 e7 c0 a8
0020  00 00 80 11 8d e8 c0 a8 88 7d 00
1970-01-01 00:00:00.000000
0000  01 82 c1 8c 29 58 58 a0 23 18 a6 14 08 00 45 00
0010  00 1d 2c 3b 00 00 80 11 8c 5c c0 a8 00 e7 c0 a8
0020  00 01 02 03 04 05 06 07 7c 48 01
1970-01-01 00:00:00.000000
0000  81 02 c1 8c 29 58 58 a0 23 18 a6 14 08 00 45 00
0010  00 1d 2c 81 00 00 80 11 8c 16 c0 a8 00 e7 c0 a8
0020  00 00 80 11 8c 16 c0 a8 8d 6c 02
1970-01-01 00:00:00.000000
0000  81 82 c1 8c 29 58 58 a0 23 18 a6 14 08 00 45 00
0010  00 1d 2c c4 00 00 80 11 8b d3 c0 a8 00 e7 c0 a8
0020  00 01 02 03 04 05 06 07 70 27 03
1970-01-01 00:00:00.000000
0000  01 02 c1 8c 29 58 58 a0 23 18 a6 14 08 00 45 00
0010  00 1d 2a af 00 00 80 11 8d e8 c0 a8 00 e7 c0 a8
0020  00 00 80 11 8d e8 c0 a8 88 7d 00
1970-01-01 00:00:00.000000
0000  01 82 c1 8c 29 58 58 a0 23 18 a6 14 08 00 45 00
0010  00 1d 2c 3b 00 00 80 11 8c 5c c0 a8 00 e7 c0 a8
0020  00 01 02 03 04 05 06 07 7c 48 01
1970-01-01 00:00:00.000000
0000  81 02 c1 8c 29 58 58 a0 23 18 a6 14 08 00 45 00
0010  00 1d 2c 81 00 00 80 11 8c 16 c0 a8 00 e7 c0 a8
0020  00 00 80 11 8c 16 c0 a8 8d 6c 02
1970-01-01 00:00:00.000000
0000  81 82 c1 8c 29 58 58 a0 23 18 a6 14 08 00 45 00
0010  00 1d 2c c4 00 00 80 11 8b d3 c0 a8 00 e7 c0 a8
0020  00 01 02 03 04 05 06 07 70 27 03
