Reading maps
  Map 0
Read 4 packets
Expecting 3 packets.
Testing kernel one_pkt_one_map
  Packet 0 Length 43 Result 0
  Packet 1 Length 43 Result 0
  Packet 2 Length 43 Result 0
Could not find source MAC
Test passed!
