Reading maps
Read 3 packets
Expecting 5 packets.
Testing kernel process_packet
  Packet 0 Length 5 Result 0
  Packet 1 Length 5 Result 0
  Packet 2 Length 5 Result 0
Testing kernel multi_exit
  Packet 0 Length 5 Result 0
  Packet 1 Length 5 Result 0
Test passed!
