###########################################################################
# Copyright (C) 2023, Advanced Micro Devices, Inc. All rights reserved.
# SPDX-License-Identifier: MIT
###########################################################################
# Testing kernel xdp_drop_benchmark_traffic
# Maps after packet 0
# Maps after packet 1
