###########################################################################
# Copyright (C) 2023, Advanced Micro Devices, Inc. All rights reserved.
# SPDX-License-Identifier: MIT
###########################################################################
# A discarded packet.
#2021-09-23 10:00:00.000000
#0000  00 01 02 03 04 05 10 11 12 13 14 15 08 06 00 01
#0010  08 00 06 04 00 01 10 11 12 13 14 15 c0 a8 01 01
#0020  00 00 00 00 00 00 c0 a8 01 03

# ARP request -> ARP reply.
2021-09-23 10:00:01.000000
0000  10 11 12 13 14 15 02 00 00 00 01 03 08 06 00 01
0010  08 00 06 04 00 02 02 00 00 00 01 03 c0 a8 01 03
0020  10 11 12 13 14 15 c0 a8 01 01

# Decapsulate a packet.
2021-09-23 10:00:02.000000
0000  02 00 00 00 01 02 02 00 00 00 01 03 08 00 45 00
0010  00 54 6d 11 40 00 3f 01 47 a3 c0 a8 02 51 c0 a8
0020  03 53 08 00 58 f4 3c 91 00 03 e5 88 4c 61 00 00
0030  00 00 63 ba 0e 00 00 00 00 00 10 11 12 13 14 15
0040  16 17 18 19 1a 1b 1c 1d 1e 1f 20 21 22 23 24 25
0050  26 27 28 29 2a 2b 2c 2d 2e 2f 30 31 32 33 34 35
0060  36 37

# Encapsulate a packet.
2021-09-23 10:00:03.000000
0000  02 00 00 00 01 01 02 00 00 00 01 03 08 00 45 00
0010  00 6c 00 00 40 00 ff 2f f8 0d c0 a8 01 03 c0 a8
0020  01 01 00 00 08 00 45 00 00 54 6d 11 40 00 3f 01
0030  47 a3 c0 a8 03 51 c0 a8 02 53 08 00 58 f4 3c 91
0040  00 03 e5 88 4c 61 00 00 00 00 63 ba 0e 00 00 00
0050  00 00 10 11 12 13 14 15 16 17 18 19 1a 1b 1c 1d
0060  1e 1f 20 21 22 23 24 25 26 27 28 29 2a 2b 2c 2d
0070  2e 2f 30 31 32 33 34 35 36 37

# A ping response.
0000  02 00 00 00 01 01 02 00 00 00 01 03 08 00 45 00
0010  00 54 f1 cb 40 00 40 01 c5 88 c0 a8 01 03 c0 a8
0020  01 01 00 00 f4 4b 68 52 00 03 e2 14 51 63 00 00
0030  00 00 a0 1b 09 00 00 00 00 00 10 11 12 13 14 15
0040  16 17 18 19 1a 1b 1c 1d 1e 1f 20 21 22 23 24 25
0050  26 27 28 29 2a 2b 2c 2d 2e 2f 30 31 32 33 34 35
0060  36 37
