Reading maps
Read 16 packets
Expecting 16 packets.
Testing kernel packets_in
  Packet 0 Length 35 Result 0
  Packet 1 Length 35 Result 0
  Packet 2 Length 35 Result 0
  Packet 3 Length 35 Result 0
  Packet 4 Length 35 Result 0
  Packet 5 Length 35 Result 0
  Packet 6 Length 35 Result 0
  Packet 7 Length 35 Result 0
  Packet 8 Length 35 Result 0
  Packet 9 Length 35 Result 0
  Packet 10 Length 35 Result 0
  Packet 11 Length 35 Result 0
  Packet 12 Length 35 Result 0
  Packet 13 Length 35 Result 0
  Packet 14 Length 35 Result 0
  Packet 15 Length 35 Result 0
