Reading maps
Read 4 packets
Expecting 4 packets.
Testing kernel packets_in
  Packet 0 Length 34 Result 0
  Packet 1 Length 34 Result 0
  Packet 2 Length 34 Result 0
  Packet 3 Length 34 Result 0
Test passed!
