###########################################################################
# Copyright (C) 2023, Advanced Micro Devices, Inc. All rights reserved.
# SPDX-License-Identifier: MIT
###########################################################################
# Read key 0 -> absent, read key 1 -> absent
2020-06-23 01:00:00.000000
0000 00 00 00 00 00 00 00 00 00 00 00 00 00 00 00 00 00
0011 00 00 00 00 00 00 00 00 00 00 00 00 00 00 00 00 00
# Insert key 0 -> inserted, read key 0 -> present
2020-06-23 02:00:00.000000
0000 01 00 00 00 00 00 00 00 00 00 00 00 00 00 00 00 00
0011 03 00 00 00 00 00 00 00 00 61 62 63 64 65 66 67 68
# Insert key 1 -> inserted, read key 1 -> present
2020-06-23 03:00:00.000000
0000 01 00 00 00 00 00 00 00 00 00 00 00 00 00 00 00 00
0011 03 00 00 00 00 00 00 00 00 91 92 93 94 95 96 97 98
# Read key 0 -> present, read key 1 -> present
2020-06-23 04:00:00.000000
0000 03 00 00 00 00 00 00 00 00 61 62 63 64 65 66 67 68
0011 03 00 00 00 00 00 00 00 00 91 92 93 94 95 96 97 98
