###########################################################################
# Copyright (C) 2023, Advanced Micro Devices, Inc. All rights reserved.
# SPDX-License-Identifier: MIT
###########################################################################
1970-01-01 00:00:00.000000
0000  05 04 03 02 07 08 0a 0b 78 00 00 00 09 0a 0b 0c
0010  0d 0e 0f 10 11 12 13 14 15 16 17 18 19 1a 1b 1c
0020  1d 1e 1f
1970-01-01 00:00:00.000000
0000  04 03 02 01 06 07 09 0a 70 00 00 00 09 0a 0b 0c
0010  0d 0e 0f 10 11 12 13 14 15 16 17 18 19 1a 1b 1c
0020  1d 1e 1f
1970-01-01 00:00:00.000000
0000  02 03 04 05 06 07 09 0a 70 00 00 00 09 0a 0b 0c
0010  0d 0e 0f 10 11 12 13 14 15 16 17 18 19 1a 1b 1c
0020  1d 1e 1f
1970-01-01 00:00:00.000000
0000  01 02 03 04 05 06 08 09 68 00 00 00 09 0a 0b 0c
0010  0d 0e 0f 10 11 12 13 14 15 16 17 18 19 1a 1b 1c
0020  1d 1e 1f
1970-01-01 00:00:00.000000
0000  05 04 03 02 07 08 09 0a 70 00 00 00 09 0a 0b 0c
0010  0d 0e 0f 10 11 12 13 14 15 16 17 18 19 1a 1b 1c
0020  1d 1e 1f
1970-01-01 00:00:00.000000
0000  04 03 02 01 06 07 08 09 68 00 00 00 09 0a 0b 0c
0010  0d 0e 0f 10 11 12 13 14 15 16 17 18 19 1a 1b 1c
0020  1d 1e 1f
1970-01-01 00:00:00.000000
0000  02 03 04 05 06 07 08 09 68 00 00 00 09 0a 0b 0c
0010  0d 0e 0f 10 11 12 13 14 15 16 17 18 19 1a 1b 1c
0020  1d 1e 1f
1970-01-01 00:00:00.000000
0000  01 02 03 04 05 06 07 08 60 00 00 00 09 0a 0b 0c
0010  0d 0e 0f 10 11 12 13 14 15 16 17 18 19 1a 1b 1c
0020  1d 1e 1f
1970-01-01 00:00:00.000000
0000  05 04 03 02 07 08 0d 0e 90 00 00 00 09 0a 0b 0c
0010  0d 0e 0f 10 11 12 13 14 15 16 17 18 19 1a 1b 1c
0020  1d 1e 1f
1970-01-01 00:00:00.000000
0000  04 03 02 01 06 07 0c 0d 88 00 00 00 09 0a 0b 0c
0010  0d 0e 0f 10 11 12 13 14 15 16 17 18 19 1a 1b 1c
0020  1d 1e 1f
1970-01-01 00:00:00.000000
0000  02 03 04 05 06 07 0c 0d 88 00 00 00 09 0a 0b 0c
0010  0d 0e 0f 10 11 12 13 14 15 16 17 18 19 1a 1b 1c
0020  1d 1e 1f
1970-01-01 00:00:00.000000
0000  01 02 03 04 05 06 0b 0c 80 00 00 00 09 0a 0b 0c
0010  0d 0e 0f 10 11 12 13 14 15 16 17 18 19 1a 1b 1c
0020  1d 1e 1f
1970-01-01 00:00:00.000000
0000  05 04 03 02 07 08 0c 0d 88 00 00 00 09 0a 0b 0c
0010  0d 0e 0f 10 11 12 13 14 15 16 17 18 19 1a 1b 1c
0020  1d 1e 1f
1970-01-01 00:00:00.000000
0000  04 03 02 01 06 07 0b 0c 80 00 00 00 09 0a 0b 0c
0010  0d 0e 0f 10 11 12 13 14 15 16 17 18 19 1a 1b 1c
0020  1d 1e 1f
1970-01-01 00:00:00.000000
0000  02 03 04 05 06 07 0b 0c 80 00 00 00 09 0a 0b 0c
0010  0d 0e 0f 10 11 12 13 14 15 16 17 18 19 1a 1b 1c
0020  1d 1e 1f
1970-01-01 00:00:00.000000
0000  01 02 03 04 05 06 0a 0b 78 00 00 00 09 0a 0b 0c
0010  0d 0e 0f 10 11 12 13 14 15 16 17 18 19 1a 1b 1c
0020  1d 1e 1f
