Reading maps
  Map 0
  Map 1
  Map 2
  Map 3
Read 4 packets
Expecting 24 packets.
Testing kernel simple
Live val: 7c live mem[3]: a8
Sel: 1 Data: 1d
Sel: 2 Data: af
  Packet 0 Length 43 Result 0
Live val: 7b live mem[3]: a8
Sel: 1 Data: 1d
Sel: 82 Data: 2c
  Packet 1 Length 43 Result 0
Live val: 7b live mem[3]: a8
Sel: 81 Data: 0
Sel: 2 Data: 81
  Packet 2 Length 43 Result 0
Live val: 7a live mem[3]: a8
Sel: 81 Data: 0
Sel: 82 Data: 2c
  Packet 3 Length 43 Result 0
Testing kernel simple_memory_phi
Live val: 7c live mem[3]: a8
Sel: 1 Data: 1d
Sel: 2 Data: af
  Packet 0 Length 43 Result 0
Live val: 7b live mem[3]: a8
Sel: 1 Data: 1d
Sel: 82 Data: 2c
  Packet 1 Length 43 Result 0
Live val: 7b live mem[3]: a8
Sel: 81 Data: 0
Sel: 2 Data: 81
  Packet 2 Length 43 Result 0
Live val: 7a live mem[3]: a8
Sel: 81 Data: 0
Sel: 82 Data: 2c
  Packet 3 Length 43 Result 0
Testing kernel partial_memory_phi
Live val: 7c live mem[3]: a8
Sel: 1 Data: 1d
Sel: 2 Data: af
  Packet 0 Length 43 Result 0
Live val: 7b live mem[3]: a8
Sel: 1 Data: 1d
Sel: 82 Data: 2c
  Packet 1 Length 43 Result 0
Live val: 7b live mem[3]: a8
Sel: 81 Data: 0
Sel: 2 Data: 81
  Packet 2 Length 43 Result 0
Live val: 7a live mem[3]: a8
Sel: 81 Data: 0
Sel: 82 Data: 2c
  Packet 3 Length 43 Result 0
Testing kernel very_simple_separate
  Packet 0 Length 43 Result 0
  Packet 1 Length 43 Result 0
  Packet 2 Length 43 Result 0
  Packet 3 Length 43 Result 0
Testing kernel very_simple_memoryphi
  Packet 0 Length 43 Result 0
  Packet 1 Length 43 Result 0
  Packet 2 Length 43 Result 0
  Packet 3 Length 43 Result 0
Testing kernel very_simple_lmnmp
  Packet 0 Length 43 Result 0
  Packet 1 Length 43 Result 0
  Packet 2 Length 43 Result 0
  Packet 3 Length 43 Result 0
Test passed!
