{
  "channels": [
    {
      "channel_id": 0,
      "elem_size": 36,
      "num_elem": 16
    },
    {
      "channel_id": 1,
      "elem_size": 1,
      "num_elem": 16
    }
  ],
  "stages": [
    {
      "thread_id": 0,
      "ports": [ 0, 1 ]
    }
  ]
}
